 Control_linear_sfun

 Timestamp is 57b1be20 (Mon Aug 15 21:05:36 2016)

 Preferred load address is 10000000

 Start         Length     Name                   Class
 0001:00000000 0002e474H .text                   CODE
 0002:00000000 0000024cH .idata$5                DATA
 0002:0000024c 00000004H .CRT$XCA                DATA
 0002:00000250 00000004H .CRT$XCZ                DATA
 0002:00000254 00000004H .CRT$XIA                DATA
 0002:00000258 00000004H .CRT$XIAA               DATA
 0002:0000025c 00000004H .CRT$XIC                DATA
 0002:00000260 00000004H .CRT$XIZ                DATA
 0002:00000268 000045a8H .rdata                  DATA
 0002:00004810 00000004H .rdata$sxdata           DATA
 0002:00004814 00000004H .rtc$IAA                DATA
 0002:00004818 00000004H .rtc$IZZ                DATA
 0002:0000481c 00000004H .rtc$TAA                DATA
 0002:00004820 00000004H .rtc$TZZ                DATA
 0002:00004828 00000064H .xdata$x                DATA
 0002:0000488c 000000a0H .idata$2                DATA
 0002:0000492c 00000014H .idata$3                DATA
 0002:00004940 0000024cH .idata$4                DATA
 0002:00004b8c 00000abeH .idata$6                DATA
 0002:00005650 00000059H .edata                  DATA
 0003:00000000 00002fa0H .data                   DATA
 0003:00002fa0 00002368H .bss                    DATA

  Address         Publics by Value              Rva+Base       Lib:Object

 0000:00000000       __except_list              00000000     <absolute>
 0000:00000001       ___safe_se_handler_count   00000001     <absolute>
 0000:00009876       __fltused                  00009876     <absolute>
 0000:00009876       __ldused                   00009876     <absolute>
 0000:00000000       ___ImageBase               10000000     <linker-defined>
 0001:00000000       _sf_c1_Control_linear_get_eml_resolved_functions_info 10001000 f   c1_Control_linear.obj
 0001:000005a0       _sf_c1_Control_linear_get_check_sum 100015a0 f   c1_Control_linear.obj
 0001:00000600       _sf_c1_Control_linear_get_autoinheritance_info 10001600 f   c1_Control_linear.obj
 0001:00001080       _sf_internal_get_sim_state_c1_Control_linear 10002080 f   c1_Control_linear.obj
 0001:00001380       _sf_internal_set_sim_state_c1_Control_linear 10002380 f   c1_Control_linear.obj
 0001:000016f0       _sf_c1_Control_linear_get_testpoint_info 100026f0 f   c1_Control_linear.obj
 0001:00001720       _c1_Control_linear_method_dispatcher 10002720 f   c1_Control_linear.obj
 0001:000035e0       _sf_c2_Control_linear_get_eml_resolved_functions_info 100045e0 f   c2_Control_linear.obj
 0001:00003c00       _sf_c2_Control_linear_get_check_sum 10004c00 f   c2_Control_linear.obj
 0001:00003c60       _sf_c2_Control_linear_get_autoinheritance_info 10004c60 f   c2_Control_linear.obj
 0001:00004170       _sf_internal_get_sim_state_c2_Control_linear 10005170 f   c2_Control_linear.obj
 0001:00004470       _sf_internal_set_sim_state_c2_Control_linear 10005470 f   c2_Control_linear.obj
 0001:000047e0       _sf_c2_Control_linear_get_testpoint_info 100057e0 f   c2_Control_linear.obj
 0001:00004810       _c2_Control_linear_method_dispatcher 10005810 f   c2_Control_linear.obj
 0001:00005e30       _sf_process_check_sum_call 10006e30 f   Control_linear_sfun_registry.obj
 0001:00005e60       _sf_process_testpoint_info_call 10006e60 f   Control_linear_sfun_registry.obj
 0001:00005e90       _sf_process_autoinheritance_call 10006e90 f   Control_linear_sfun_registry.obj
 0001:00005fd0       _sf_process_get_eml_resolved_functions_info_call 10006fd0 f   Control_linear_sfun_registry.obj
 0001:000060f0       _sf_mex_unlock_call        100070f0 f   Control_linear_sfun_registry.obj
 0001:00006180       _sf_machine_global_initializer_called 10007180 f   Control_linear_sfun_registry.obj
 0001:000061a0       _sf_machine_global_method_dispatcher 100071a0 f   Control_linear_sfun_registry.obj
 0001:000061e0       _sf_machine_global_terminator 100071e0 f   Control_linear_sfun_registry.obj
 0001:00006210       _sf_register_machine_exported_symbols 10007210 f   Control_linear_sfun_registry.obj
 0001:00006230       _callCustomFcn             10007230 f   Control_linear_sfun_registry.obj
 0001:00006240       _sf_machine_global_initializer 10007240 f   Control_linear_sfun_registry.obj
 0001:000062a0       __ssSetStateAbsTol         100072a0 f   Control_linear_sfun_registry.obj
 0001:00006340       __ssGetAbsTol              10007340 f   Control_linear_sfun_registry.obj
 0001:00006390       __ssSetInputPortMatrixDimensions 10007390 f   Control_linear_sfun_registry.obj
 0001:00006440       __ssSetOutputPortMatrixDimensions 10007440 f   Control_linear_sfun_registry.obj
 0001:000064f0       __ssSetInputPortVectorDimension 100074f0 f   Control_linear_sfun_registry.obj
 0001:00006570       __ssSetOutputPortVectorDimension 10007570 f   Control_linear_sfun_registry.obj
 0001:000065f0       _ssIsRunTimeParamTunable   100075f0 f   Control_linear_sfun_registry.obj
 0001:00006650       _ssGetSFuncBlockHandle     10007650 f   Control_linear_sfun_registry.obj
 0001:000066a0       __ssGetCurrentInputPortWidth 100076a0 f   Control_linear_sfun_registry.obj
 0001:00006770       __ssGetCurrentOutputPortWidth 10007770 f   Control_linear_sfun_registry.obj
 0001:00006840       __ssGetCallSystemNumFcnCallDestinations 10007840 f   Control_linear_sfun_registry.obj
 0001:000068a0       _ssWarning                 100078a0 f   Control_linear_sfun_registry.obj
 0001:00006980       _ssGetIsZeroCrossControlDisabled 10007980 f   Control_linear_sfun_registry.obj
 0001:000069e0       _ssSetIsInputPortUsedForContZcSignal 100079e0 f   Control_linear_sfun_registry.obj
 0001:00006a30       _ssSetZcSignalIsZcElementDisc 10007a30 f   Control_linear_sfun_registry.obj
 0001:00006ab0       _ssSetZcSignalName         10007ab0 f   Control_linear_sfun_registry.obj
 0001:00006b00       _ssSetZcSignalWidth        10007b00 f   Control_linear_sfun_registry.obj
 0001:00006b50       _ssSetZcSignalZcEventType  10007b50 f   Control_linear_sfun_registry.obj
 0001:00006ba0       _ssSetZcSignalType         10007ba0 f   Control_linear_sfun_registry.obj
 0001:00006bf0       _ssSetZcSignalZcTol        10007bf0 f   Control_linear_sfun_registry.obj
 0001:00006c40       _ssSetZcSignalNeedsEventNotification 10007c40 f   Control_linear_sfun_registry.obj
 0001:00006c90       _ssCreateAndAddZcSignalInfo 10007c90 f   Control_linear_sfun_registry.obj
 0001:00006cf0       _ssCloneAndAddZcSignalInfo 10007cf0 f   Control_linear_sfun_registry.obj
 0001:00006d50       _ssGetNumZcSignals         10007d50 f   Control_linear_sfun_registry.obj
 0001:00006db0       _ssGetZcSignalVector       10007db0 f   Control_linear_sfun_registry.obj
 0001:00006e10       _ssGetZcSignalZcEvents     10007e10 f   Control_linear_sfun_registry.obj
 0001:00006e70       _ssGetZcSignalName         10007e70 f   Control_linear_sfun_registry.obj
 0001:00006ed0       _ssGetZcSignalWidth        10007ed0 f   Control_linear_sfun_registry.obj
 0001:00006f30       _ssGetZcSignalZcEventType  10007f30 f   Control_linear_sfun_registry.obj
 0001:00006f90       _ssGetZcSignalType         10007f90 f   Control_linear_sfun_registry.obj
 0001:00006ff0       _ssGetZcSignalZcTol        10007ff0 f   Control_linear_sfun_registry.obj
 0001:00007050       _ssGetZcSignalNeedsEventNotification 10008050 f   Control_linear_sfun_registry.obj
 0001:000070b0       _ssGetZcSignalIsZcElementDisc 100080b0 f   Control_linear_sfun_registry.obj
 0001:00007130       _ssGetIsInputPortElementContinuous 10008130 f   Control_linear_sfun_registry.obj
 0001:000071b0       __ssGetInputPortSignalPtrsFcn 100081b0 f   Control_linear_sfun_registry.obj
 0001:000073b0       __ssGetInputPortSignalFcn  100083b0 f   Control_linear_sfun_registry.obj
 0001:00007540       __ssSetInputPortDirectFeedThroughFcn 10008540 f   Control_linear_sfun_registry.obj
 0001:00007670       __ssSetInputPortReusableFcn 10008670 f   Control_linear_sfun_registry.obj
 0001:00007700       __ssSetOutputPortReusableFcn 10008700 f   Control_linear_sfun_registry.obj
 0001:00007790       _ssGetDTypeIdFromMxArray   10008790 f   Control_linear_sfun_registry.obj
 0001:00007880       _ssWriteRTWStr             10008880 f   Control_linear_sfun_registry.obj
 0001:000078c0       _ssWriteRTWMxVectParam     100088c0 f   Control_linear_sfun_registry.obj
 0001:00007900       _ssWriteRTWMx2dMatParam    10008900 f   Control_linear_sfun_registry.obj
 0001:00007940       _ssWriteRTWNameValuePair   10008940 f   Control_linear_sfun_registry.obj
 0001:00007cb0       _ssWriteRTWParameters      10008cb0 f   Control_linear_sfun_registry.obj
 0001:00008050       _ssWriteRTWParamSettings   10009050 f   Control_linear_sfun_registry.obj
 0001:00008500       _ssWriteRTWWorkVect        10009500 f   Control_linear_sfun_registry.obj
 0001:00008890       _mexFunction               10009890 f   Control_linear_sfun_registry.obj
 0001:00009fe0       _ProcessMexSfunctionEveryCall 1000afe0 f   Control_linear_sfun_registry.obj
 0001:0000a0f0       _Control_linear_initializer 1000b0f0 f   Control_linear_sfun.obj
 0001:0000a100       _Control_linear_terminator 1000b100 f   Control_linear_sfun.obj
 0001:0000a110       _sf_Control_linear_method_dispatcher 1000b110 f   Control_linear_sfun.obj
 0001:0000a160       _sf_Control_linear_process_testpoint_info_call 1000b160 f   Control_linear_sfun.obj
 0001:0000a2d0       _sf_Control_linear_process_check_sum_call 1000b2d0 f   Control_linear_sfun.obj
 0001:0000a690       _sf_Control_linear_autoinheritance_info 1000b690 f   Control_linear_sfun.obj
 0001:0000a7f0       _sf_Control_linear_get_eml_resolved_functions_info 1000b7f0 f   Control_linear_sfun.obj
 0001:0000a910       _Control_linear_debug_initialize 1000b910 f   Control_linear_sfun.obj
 0001:0000a960       _Control_linear_register_exported_symbols 1000b960 f   Control_linear_sfun.obj
 0001:0000a970       _load_Control_linear_optimization_info 1000b970 f   Control_linear_sfun.obj
 0001:0000a9b0       _unload_Control_linear_optimization_info 1000b9b0 f   Control_linear_sfun.obj
 0001:0000aa80       _sf_mex_mx_is_numeric      1000ba80 f   sfc_mexmsvc80:sfc_mex.obj
 0001:0000aac0       _strcmp_ignore_ws          1000bac0 f   sfc_mexmsvc80:sfc_mex.obj
 0001:0000abe0       _sf_mex_duplicatearraysafe 1000bbe0 f   sfc_mexmsvc80:sfc_mex.obj
 0001:0000adc0       _sf_set_error_debugger_context_message_fcn 1000bdc0 f   sfc_mexmsvc80:sfc_mex.obj
 0001:0000add0       _sf_set_debugger_matlab_error_fcn 1000bdd0 f   sfc_mexmsvc80:sfc_mex.obj
 0001:0000adf0       _sf_set_error_prefix_string 1000bdf0 f   sfc_mexmsvc80:sfc_mex.obj
 0001:0000ae20       _sf_get_error_prefix_string 1000be20 f   sfc_mexmsvc80:sfc_mex.obj
 0001:0000ae30       _sf_mex_enter_parallel_region 1000be30 f   sfc_mexmsvc80:sfc_mex.obj
 0001:0000ae40       _sf_mex_exit_parallel_region 1000be40 f   sfc_mexmsvc80:sfc_mex.obj
 0001:0000ae50       _sf_get_current_jmp_buf_ptr 1000be50 f   sfc_mexmsvc80:sfc_mex.obj
 0001:0000ae60       _sf_set_current_jmp_buf_ptr 1000be60 f   sfc_mexmsvc80:sfc_mex.obj
 0001:0000ae70       _sf_mex_set_halt_simulation 1000be70 f   sfc_mexmsvc80:sfc_mex.obj
 0001:0000ae80       _sf_mex_get_halt_simulation 1000be80 f   sfc_mexmsvc80:sfc_mex.obj
 0001:0000ae90       _sf_mex_clear_error_message 1000be90 f   sfc_mexmsvc80:sfc_mex.obj
 0001:0000aeb0       _sf_mex_get_error_message_for_read 1000beb0 f   sfc_mexmsvc80:sfc_mex.obj
 0001:0000aec0       _sf_mex_get_error_message_buffer_length 1000bec0 f   sfc_mexmsvc80:sfc_mex.obj
 0001:0000af90       _sf_mex_warning_message    1000bf90 f   sfc_mexmsvc80:sfc_mex.obj
 0001:0000afe0       _sf_mex_v_errbuf_createf   1000bfe0 f   sfc_mexmsvc80:sfc_mex.obj
 0001:0000b000       _sf_mex_errbuf_createf     1000c000 f   sfc_mexmsvc80:sfc_mex.obj
 0001:0000b020       _sf_mex_v_errbuf_catf      1000c020 f   sfc_mexmsvc80:sfc_mex.obj
 0001:0000b060       _sf_mex_errbuf_catf        1000c060 f   sfc_mexmsvc80:sfc_mex.obj
 0001:0000b0a0       _sf_mex_errbuf_copy        1000c0a0 f   sfc_mexmsvc80:sfc_mex.obj
 0001:0000b0c0       _sf_mex_errbuf_clear       1000c0c0 f   sfc_mexmsvc80:sfc_mex.obj
 0001:0000b0d0       _sf_mex_errbuf_isempty     1000c0d0 f   sfc_mexmsvc80:sfc_mex.obj
 0001:0000b160       _sf_mex_set_error_status   1000c160 f   sfc_mexmsvc80:sfc_mex.obj
 0001:0000b190       _sf_mex_error_direct_call  1000c190 f   sfc_mexmsvc80:sfc_mex.obj
 0001:0000b1b0       _sf_mex_error_message_no_long_jump 1000c1b0 f   sfc_mexmsvc80:sfc_mex.obj
 0001:0000b1e0       _sf_mex_long_jump_on_error 1000c1e0 f   sfc_mexmsvc80:sfc_mex.obj
 0001:0000b210       _sf_mex_call_matlab        1000c210 f   sfc_mexmsvc80:sfc_mex.obj
 0001:0000b2e0       _sf_mex_check_builtin      1000c2e0 f   sfc_mexmsvc80:sfc_mex.obj
 0001:0000b340       _sf_mex_check_builtin_vs   1000c340 f   sfc_mexmsvc80:sfc_mex.obj
 0001:0000b3a0       _sf_mex_check_enum         1000c3a0 f   sfc_mexmsvc80:sfc_mex.obj
 0001:0000b3f0       _sf_mex_create_enum        1000c3f0 f   sfc_mexmsvc80:sfc_mex.obj
 0001:0000b440       _sf_mex_get_enum_element   1000c440 f   sfc_mexmsvc80:sfc_mex.obj
 0001:0000b450       _sf_mex_createcellarray    1000c450 f   sfc_mexmsvc80:sfc_mex.obj
 0001:0000b470       _sf_mex_setcell            1000c470 f   sfc_mexmsvc80:sfc_mex.obj
 0001:0000b480       _sf_mex_getcell            1000c480 f   sfc_mexmsvc80:sfc_mex.obj
 0001:0000b490       _sf_mex_dup                1000c490 f   sfc_mexmsvc80:sfc_mex.obj
 0001:0000b4c0       _sf_mex_assign             1000c4c0 f   sfc_mexmsvc80:sfc_mex.obj
 0001:0000b510       _sf_mex_destroy            1000c510 f   sfc_mexmsvc80:sfc_mex.obj
 0001:0000b530       _mx_array_has_fi_type      1000c530 f   sfc_mexmsvc80:sfc_mex.obj
 0001:0000b560       _sf_mex_convert_from_fi    1000c560 f   sfc_mexmsvc80:sfc_mex.obj
 0001:0000b640       _sf_mex_convert_to_double  1000c640 f   sfc_mexmsvc80:sfc_mex.obj
 0001:0000b680       _sf_mex_import_fi_vs       1000c680 f   sfc_mexmsvc80:sfc_mex.obj
 0001:0000b7e0       _sf_matrix_matrix_index_ok 1000c7e0 f   sfc_mexmsvc80:sfc_mex.obj
 0001:0000b850       _sf_vector_vector_index_ok 1000c850 f   sfc_mexmsvc80:sfc_mex.obj
 0001:0000b880       _ssGetCurrentInputPortDimensions_wrapper 1000c880 f   sfc_mexmsvc80:sfc_mex.obj
 0001:0000b8a0       _ssGetCurrentOutputPortDimensions_wrapper 1000c8a0 f   sfc_mexmsvc80:sfc_mex.obj
 0001:0000b8c0       _sf_mex_emlrt_context_is_debug_mode 1000c8c0 f   sfc_mexmsvc80:sfc_mex.obj
 0001:0000b8d0       _sf_mex_emlrt_context_set_debug_mode 1000c8d0 f   sfc_mexmsvc80:sfc_mex.obj
 0001:0000b8e0       _sf_mex_emlrtNameCapturePostProcessR2012a 1000c8e0 f   sfc_mexmsvc80:sfc_mex.obj
 0001:0000b940       _sf_clear_error_manager_info 1000c940 f   sfc_mexmsvc80:sfc_mex.obj
 0001:0000b990       _sf_mex_stop_simulation_abruptly_wo_error 1000c990 f   sfc_mexmsvc80:sfc_mex.obj
 0001:0000b9c0       _sf_mex_error_message      1000c9c0 f   sfc_mexmsvc80:sfc_mex.obj
 0001:0000ba10       _sf_react_to_error_in_matlab_call 1000ca10 f   sfc_mexmsvc80:sfc_mex.obj
 0001:0000ba30       _sf_mex_addfield           1000ca30 f   sfc_mexmsvc80:sfc_mex.obj
 0001:0000bab0       _sf_mex_getfield           1000cab0 f   sfc_mexmsvc80:sfc_mex.obj
 0001:0000bd30       _sf_mex_check_class        1000cd30 f   sfc_mexmsvc80:sfc_mex.obj
 0001:0000bdb0       _sf_mex_is_real            1000cdb0 f   sfc_mexmsvc80:sfc_mex.obj
 0001:0000bfc0       _sf_mex_decode_encoded_mx_struct_array 1000cfc0 f   sfc_mexmsvc80:sfc_mex.obj
 0001:0000c160       _sf_mex_lw_bounds_check    1000d160 f   sfc_mexmsvc80:sfc_mex.obj
 0001:0000c190       _sf_mex_lw_size_eq_check_1d 1000d190 f   sfc_mexmsvc80:sfc_mex.obj
 0001:0000c1b0       _sf_mex_lw_size_eq_check_nd 1000d1b0 f   sfc_mexmsvc80:sfc_mex.obj
 0001:0000c290       _sf_mex_lw_dim_size_eq_check 1000d290 f   sfc_mexmsvc80:sfc_mex.obj
 0001:0000c2c0       _sf_mex_lw_dim_size_geq_check 1000d2c0 f   sfc_mexmsvc80:sfc_mex.obj
 0001:0000c2f0       _sf_mex_lw_sub_assign_size_check_nd 1000d2f0 f   sfc_mexmsvc80:sfc_mex.obj
 0001:0000c420       _sf_mex_lw_runtime_error_msgid 1000d420 f   sfc_mexmsvc80:sfc_mex.obj
 0001:0000c4d0       _sf_mex_lw_matrix_matrix_index_check 1000d4d0 f   sfc_mexmsvc80:sfc_mex.obj
 0001:0000c500       _sf_mex_lw_vector_vector_index_check 1000d500 f   sfc_mexmsvc80:sfc_mex.obj
 0001:0000c540       _sf_mex_lw_for_loop_vector_check 1000d540 f   sfc_mexmsvc80:sfc_mex.obj
 0001:0000c5a0       _sf_mex_lw_non_negative_check 1000d5a0 f   sfc_mexmsvc80:sfc_mex.obj
 0001:0000c5d0       _sf_mex_overflow_error     1000d5d0 f   sfc_mexmsvc80:sfc_mex.obj
 0001:0000c5e0       _sf_mex_dividebyzero_error 1000d5e0 f   sfc_mexmsvc80:sfc_mex.obj
 0001:0000c5f0       _sf_mex_unsafe_enum_error  1000d5f0 f   sfc_mexmsvc80:sfc_mex.obj
 0001:0000c600       _sf_emlrtErrHandler        1000d600 f   sfc_mexmsvc80:sfc_mex.obj
 0001:0000c6c0       _sf_mex_size_one_check     1000d6c0 f   sfc_mexmsvc80:sfc_mex.obj
 0001:0000c6e0       _sf_mex_printf             1000d6e0 f   sfc_mexmsvc80:sfc_mex.obj
 0001:0000c7c0       _sf_mex_check_size         1000d7c0 f   sfc_mexmsvc80:sfc_mex.obj
 0001:0000ca40       _sf_mex_check_struct       1000da40 f   sfc_mexmsvc80:sfc_mex.obj
 0001:0000cc90       _sf_mex_check_struct_vs    1000dc90 f   sfc_mexmsvc80:sfc_mex.obj
 0001:0000ccd0       _sf_mex_check_fi           1000dcd0 f   sfc_mexmsvc80:sfc_mex.obj
 0001:0000cda0       _sf_mex_check_fi_vs        1000dda0 f   sfc_mexmsvc80:sfc_mex.obj
 0001:0000cdf0       _sf_echo_expression        1000ddf0 f   sfc_mexmsvc80:sfc_mex.obj
 0001:0000ce40       _sf_assertion_failed       1000de40 f   sfc_mexmsvc80:sfc_mex.obj
 0001:0000d0d0       _sf_mex_evalin             1000e0d0 f   sfc_mexmsvc80:sfc_mex.obj
 0001:0000d330       _sf_mex_export             1000e330 f   sfc_mexmsvc80:sfc_mex.obj
 0001:0000d3e0       _sf_mex_get_ml_var_no_error 1000e3e0 f   sfc_mexmsvc80:sfc_mex.obj
 0001:0000d540       _sf_mex_get_ml_var         1000e540 f   sfc_mexmsvc80:sfc_mex.obj
 0001:0000da10       _ml_set_element_value_in_array 1000ea10 f   sfc_mexmsvc80:sfc_mex.obj
 0001:0000eb40       _sf_mex_call_impl          1000fb40 f   sfc_mexmsvc80:sfc_mex.obj
 0001:0000eed0       _sf_mex_call_debug         1000fed0 f   sfc_mexmsvc80:sfc_mex.obj
 0001:0000eef0       _sf_mex_call               1000fef0 f   sfc_mexmsvc80:sfc_mex.obj
 0001:0000f600       _sf_mex_createstruct       10010600 f   sfc_mexmsvc80:sfc_mex.obj
 0001:0000f6a0       _sf_mex_createstructarray  100106a0 f   sfc_mexmsvc80:sfc_mex.obj
 0001:0000f700       _sf_mex_get_mx_datatype_from_sf_datatype 10010700 f   sfc_mexmsvc80:sfc_mex.obj
 0001:0000f980       _sf_mex_ml_var_sub         10010980 f   sfc_mexmsvc80:sfc_mex.obj
 0001:0000faf0       _sf_mex_ml_var_subsasgn    10010af0 f   sfc_mexmsvc80:sfc_mex.obj
 0001:0000fe00       _sf_mex_sub                10010e00 f   sfc_mexmsvc80:sfc_mex.obj
 0001:0000ffa0       _sf_mex_subsasgn           10010fa0 f   sfc_mexmsvc80:sfc_mex.obj
 0001:00010380       _sf_mex_create             10011380 f   sfc_mexmsvc80:sfc_mex.obj
 0001:00010c70       _sf_mex_import_named       10011c70 f   sfc_mexmsvc80:sfc_mex.obj
 0001:00010cc0       _sf_mex_import             10011cc0 f   sfc_mexmsvc80:sfc_mex.obj
 0001:00010d00       _sf_mex_import_vs          10011d00 f   sfc_mexmsvc80:sfc_mex.obj
 0001:00010d90       _sf_mex_lower_fixpt_mx_array 10011d90 f   sfc_mexmsvc80:sfc_mex.obj
 0001:00010f50       _sf_send_message_wrapper   10011f50 f   sfc_mexmsvc80:sfc_sf.obj
 0001:00010f80       _sf_receive_message_wrapper 10011f80 f   sfc_mexmsvc80:sfc_sf.obj
 0001:00010fc0       _sf_check_out_message_wrapper 10011fc0 f   sfc_mexmsvc80:sfc_sf.obj
 0001:00011000       _sf_check_in_message_wrapper 10012000 f   sfc_mexmsvc80:sfc_sf.obj
 0001:00011040       _sf_no_message_wrapper     10012040 f   sfc_mexmsvc80:sfc_sf.obj
 0001:000112b0       _sim_mode_is_rtw_gen       100122b0 f   sfc_mexmsvc80:sfc_sf.obj
 0001:000112f0       _sim_mode_is_external      100122f0 f   sfc_mexmsvc80:sfc_sf.obj
 0001:00011310       _sim_mode_is_modelref_sim  10012310 f   sfc_mexmsvc80:sfc_sf.obj
 0001:00011340       _mdlInitializeSizes        10012340 f   sfc_mexmsvc80:sfc_sf.obj
 0001:00011360       _mdlInitializeSampleTimes  10012360 f   sfc_mexmsvc80:sfc_sf.obj
 0001:000113a0       _mdlZeroCrossings          100123a0 f   sfc_mexmsvc80:sfc_sf.obj
 0001:00011450       _mdlDerivatives            10012450 f   sfc_mexmsvc80:sfc_sf.obj
 0001:000114f0       _mdl_initialize_conditions_processing 100124f0 f   sfc_mexmsvc80:sfc_sf.obj
 0001:00011520       _mdlInitializeConditions   10012520 f   sfc_mexmsvc80:sfc_sf.obj
 0001:000115c0       _mdlGetSimState            100125c0 f   sfc_mexmsvc80:sfc_sf.obj
 0001:000115e0       _mdlSetSimState            100125e0 f   sfc_mexmsvc80:sfc_sf.obj
 0001:00011600       _mdl_ext_mode_exec_processing 10012600 f   sfc_mexmsvc80:sfc_sf.obj
 0001:00011620       _mdlExtModeExec            10012620 f   sfc_mexmsvc80:sfc_sf.obj
 0001:000117b0       _mdlTerminate              100127b0 f   sfc_mexmsvc80:sfc_sf.obj
 0001:00011810       _mdlRTW                    10012810 f   sfc_mexmsvc80:sfc_sf.obj
 0001:00011840       _mdlSetWorkWidths          10012840 f   sfc_mexmsvc80:sfc_sf.obj
 0001:00011860       _mdlProcessParameters      10012860 f   sfc_mexmsvc80:sfc_sf.obj
 0001:00011880       _mdl_start_processing      10012880 f   sfc_mexmsvc80:sfc_sf.obj
 0001:000118d0       _mdlStart                  100128d0 f   sfc_mexmsvc80:sfc_sf.obj
 0001:00011980       _mdlEnable                 10012980 f   sfc_mexmsvc80:sfc_sf.obj
 0001:00011a30       _mdlDisable                10012a30 f   sfc_mexmsvc80:sfc_sf.obj
 0001:00011ac0       _sf_get_chart_instance_ptr 10012ac0 f   sfc_mexmsvc80:sfc_sf.obj
 0001:00011ae0       _sf_load_rtw_optimization_info 10012ae0 f   sfc_mexmsvc80:sfc_sf.obj
 0001:00011b80       _sf_rtw_info_uint_prop     10012b80 f   sfc_mexmsvc80:sfc_sf.obj
 0001:00011ca0       _sf_is_chart_inlinable     10012ca0 f   sfc_mexmsvc80:sfc_sf.obj
 0001:00011cd0       _sf_mark_output_events_with_multiple_callers 10012cd0 f   sfc_mexmsvc80:sfc_sf.obj
 0001:00011e30       _sf_mark_chart_reusable_outputs 10012e30 f   sfc_mexmsvc80:sfc_sf.obj
 0001:00011f90       _sf_mark_chart_expressionable_inputs 10012f90 f   sfc_mexmsvc80:sfc_sf.obj
 0001:000120f0       _sf_get_subchart_simstruct 100130f0 f   sfc_mexmsvc80:sfc_sf.obj
 0001:00012130       _sf_get_fixpt_data_type_id 10013130 f   sfc_mexmsvc80:sfc_sf.obj
 0001:00012170       _sf_get_enum_data_type_id  10013170 f   sfc_mexmsvc80:sfc_sf.obj
 0001:000121b0       _sf_get_param_data_type_id 100131b0 f   sfc_mexmsvc80:sfc_sf.obj
 0001:000121e0       _sf_mex_listen_for_ctrl_c_force 100131e0 f   sfc_mexmsvc80:sfc_sf.obj
 0001:000122e0       _sf_mex_draw_now           100132e0 f   sfc_mexmsvc80:sfc_sf.obj
 0001:00012320       _sf_mex_set_debugger_sim_status_listener_fcn 10013320 f   sfc_mexmsvc80:sfc_sf.obj
 0001:00012330       _sf_mex_listen_for_ctrl_c  10013330 f   sfc_mexmsvc80:sfc_sf.obj
 0001:000123c0       _sf_mex_get_sfun_param     100133c0 f   sfc_mexmsvc80:sfc_sf.obj
 0001:00012410       _sf_get_runtime_param_data 10013410 f   sfc_mexmsvc80:sfc_sf.obj
 0001:00012450       _sf_call_output_fcn_call   10013450 f   sfc_mexmsvc80:sfc_sf.obj
 0001:00012570       _sf_call_output_fcn_enable 10013570 f   sfc_mexmsvc80:sfc_sf.obj
 0001:000125f0       _sf_call_output_fcn_disable 100135f0 f   sfc_mexmsvc80:sfc_sf.obj
 0001:00012670       _sf_clear_rtw_identifier   10013670 f   sfc_mexmsvc80:sfc_sf.obj
 0001:00012ea0       _sf_set_encoded_dwork_info 10013ea0 f   sfc_mexmsvc80:sfc_sf.obj
 0001:00012ee0       _sf_get_dwork_info_from_mat_file 10013ee0 f   sfc_mexmsvc80:sfc_sf.obj
 0001:00013030       _sf_set_rtw_dwork_info     10014030 f   sfc_mexmsvc80:sfc_sf.obj
 0001:00013150       _mdlOutputs                10014150 f   sfc_mexmsvc80:sfc_sf.obj
 0001:00013260       _sf_debug_disp             10014260 f   sfc_debugmsvc80:sfcdebug.obj
 0001:00013460       _sf_debug_data_runtime_size_mismatch_error_check 10014460 f   sfc_debugmsvc80:sfcdebug.obj
 0001:000134a0       _sf_debug_try_loading_machine 100144a0 f   sfc_debugmsvc80:sfcdebug.obj
 0001:00013570       _sf_debug_reset_current_state_configuration 10014570 f   sfc_debugmsvc80:sfcdebug.obj
 0001:000135b0       _sf_debug_store_current_state_configuration 100145b0 f   sfc_debugmsvc80:sfcdebug.obj
 0001:000135f0       _sf_debug_restore_previous_state_configuration 100145f0 f   sfc_debugmsvc80:sfcdebug.obj
 0001:00013630       _sf_debug_restore_previous_state_configuration2 10014630 f   sfc_debugmsvc80:sfcdebug.obj
 0001:00013670       _sf_debug_get_event_scope  10014670 f   sfc_debugmsvc80:sfcdebug.obj
 0001:00013790       _use_debugger_step_animation 10014790 f   sfc_debugmsvc80:sfcdebug.obj
 0001:000137b0       _sf_debug_get_script_id    100147b0 f   sfc_debugmsvc80:sfcdebug.obj
 0001:00013840       _sf_debug_set_script_translation 10014840 f   sfc_debugmsvc80:sfcdebug.obj
 0001:00013970       _sf_debug_extract_message_post_receive_info 10014970 f   sfc_debugmsvc80:sfcdebug.obj
 0001:00013a30       _sf_debug_get_current_machine_id 10014a30 f   sfc_debugmsvc80:sfcdebug.obj
 0001:00013a50       _sf_debug_get_current_optional_integer 10014a50 f   sfc_debugmsvc80:sfcdebug.obj
 0001:00013a60       _sf_debug_get_current_machine_number 10014a60 f   sfc_debugmsvc80:sfcdebug.obj
 0001:00013a80       _sf_debug_get_current_machine_name 10014a80 f   sfc_debugmsvc80:sfcdebug.obj
 0001:00013aa0       _sf_debug_get_current_chart_id 10014aa0 f   sfc_debugmsvc80:sfcdebug.obj
 0001:00013ad0       _sf_debug_get_current_chart_number 10014ad0 f   sfc_debugmsvc80:sfcdebug.obj
 0001:00013ae0       _sf_debug_get_current_instance_number 10014ae0 f   sfc_debugmsvc80:sfcdebug.obj
 0001:00013af0       _sf_debug_get_current_is_minor_time_step 10014af0 f   sfc_debugmsvc80:sfcdebug.obj
 0001:00013b60       _sf_debug_get_current_object_type 10014b60 f   sfc_debugmsvc80:sfcdebug.obj
 0001:00013b70       _sf_debug_get_current_instance_handle 10014b70 f   sfc_debugmsvc80:sfcdebug.obj
 0001:00013bc0       _sf_debug_get_current_event_type 10014bc0 f   sfc_debugmsvc80:sfcdebug.obj
 0001:00013bd0       _sf_debug_get_current_object_id 10014bd0 f   sfc_debugmsvc80:sfcdebug.obj
 0001:00013c00       _sf_debug_get_current_active_event_type 10014c00 f   sfc_debugmsvc80:sfcdebug.obj
 0001:00013c10       _sf_debug_get_current_active_event_id 10014c10 f   sfc_debugmsvc80:sfcdebug.obj
 0001:00013c40       _sf_debug_get_current_tag_type 10014c40 f   sfc_debugmsvc80:sfcdebug.obj
 0001:00013c50       _sf_debug_get_current_simulation_time 10014c50 f   sfc_debugmsvc80:sfcdebug.obj
 0001:00013c60       _sf_debug_get_current_coverage_percentage 10014c60 f   sfc_debugmsvc80:sfcdebug.obj
 0001:00013c70       _sf_debug_current_statement_context 10014c70 f   sfc_debugmsvc80:sfcdebug.obj
 0001:00013cf0       _sf_debug_get_current_statement_info 10014cf0 f   sfc_debugmsvc80:sfcdebug.obj
 0001:00013e30       _sf_debug_terminate_instance 10014e30 f   sfc_debugmsvc80:sfcdebug.obj
 0001:000140d0       _sf_debug_assertion_failed 100150d0 f   sfc_debugmsvc80:sfcdebug.obj
 0001:00014350       _sf_debug_set_number_of_data_with_change_event_for_machine 10015350 f   sfc_debugmsvc80:sfcdebug.obj
 0001:00014390       _sf_debug_set_machine_event_thresholds 10015390 f   sfc_debugmsvc80:sfcdebug.obj
 0001:000143c0       _sf_debug_set_machine_event_scope 100153c0 f   sfc_debugmsvc80:sfcdebug.obj
 0001:00014400       _sf_debug_set_machine_data_thresholds 10015400 f   sfc_debugmsvc80:sfcdebug.obj
 0001:00014440       _sf_debug_set_machine_data_scope 10015440 f   sfc_debugmsvc80:sfcdebug.obj
 0001:000144c0       _sf_debug_set_machine_data_name 100154c0 f   sfc_debugmsvc80:sfcdebug.obj
 0001:00014510       _sf_debug_set_machine_data_size 10015510 f   sfc_debugmsvc80:sfcdebug.obj
 0001:00014600       _sf_debug_set_machine_data_type 10015600 f   sfc_debugmsvc80:sfcdebug.obj
 0001:00014720       _sf_debug_get_chart_data_number 10015720 f   sfc_debugmsvc80:sfcdebug.obj
 0001:00014750       _sf_debug_get_chart_event_number 10015750 f   sfc_debugmsvc80:sfcdebug.obj
 0001:00014780       _sf_debug_set_chart_state_info 10015780 f   sfc_debugmsvc80:sfcdebug.obj
 0001:00014800       _sf_debug_set_chart_decomposition 10015800 f   sfc_debugmsvc80:sfcdebug.obj
 0001:00014870       _sf_debug_set_chart_substate_count 10015870 f   sfc_debugmsvc80:sfcdebug.obj
 0001:00014930       _sf_debug_set_chart_substate_index 10015930 f   sfc_debugmsvc80:sfcdebug.obj
 0001:000149a0       _sf_debug_set_chart_state_substate_count 100159a0 f   sfc_debugmsvc80:sfcdebug.obj
 0001:00014a80       _sf_debug_set_chart_state_substate_index 10015a80 f   sfc_debugmsvc80:sfcdebug.obj
 0001:00014b00       _sf_debug_set_number_of_data_with_change_event_for_chart 10015b00 f   sfc_debugmsvc80:sfcdebug.obj
 0001:00014b80       _sf_debug_set_number_of_states_with_entry_event_for_chart 10015b80 f   sfc_debugmsvc80:sfcdebug.obj
 0001:00014bf0       _sf_debug_set_number_of_states_with_exit_event_for_chart 10015bf0 f   sfc_debugmsvc80:sfcdebug.obj
 0001:00014c60       _sf_debug_set_chart_disable_implicit_casting 10015c60 f   sfc_debugmsvc80:sfcdebug.obj
 0001:00014cd0       _sf_debug_set_chart_event_thresholds 10015cd0 f   sfc_debugmsvc80:sfcdebug.obj
 0001:00014d40       _sf_debug_set_chart_data_compiled_props 10015d40 f   sfc_debugmsvc80:sfcdebug.obj
 0001:00014fb0       _sf_debug_set_chart_data_props 10015fb0 f   sfc_debugmsvc80:sfcdebug.obj
 0001:00015220       _sf_debug_check_fi_license 10016220 f   sfc_debugmsvc80:sfcdebug.obj
 0001:000153b0       _sf_debug_symbol_scope_push 100163b0 f   sfc_debugmsvc80:sfcdebug.obj
 0001:000153f0       _sf_debug_symbol_scope_push_eml 100163f0 f   sfc_debugmsvc80:sfcdebug.obj
 0001:00015430       _sf_debug_symbol_scope_pop 10016430 f   sfc_debugmsvc80:sfcdebug.obj
 0001:00015460       _sf_debug_symbol_scope_add_importable 10016460 f   sfc_debugmsvc80:sfcdebug.obj
 0001:000154c0       _sf_debug_symbol_scope_add 100164c0 f   sfc_debugmsvc80:sfcdebug.obj
 0001:00015520       _sf_debug_symbol_scope_add_dyn_importable 10016520 f   sfc_debugmsvc80:sfcdebug.obj
 0001:00015590       _sf_debug_symbol_scope_add_dyn 10016590 f   sfc_debugmsvc80:sfcdebug.obj
 0001:000155c0       _sf_debug_symbol_scope_add_eml_importable 100165c0 f   sfc_debugmsvc80:sfcdebug.obj
 0001:000155f0       _sf_debug_symbol_scope_add_eml 100165f0 f   sfc_debugmsvc80:sfcdebug.obj
 0001:00015620       _sf_debug_symbol_scope_add_eml_dyn_importable 10016620 f   sfc_debugmsvc80:sfcdebug.obj
 0001:00015670       _sf_debug_symbol_scope_add_eml_dyn 10016670 f   sfc_debugmsvc80:sfcdebug.obj
 0001:000156c0       _sf_debug_symbol_switch    100166c0 f   sfc_debugmsvc80:sfcdebug.obj
 0001:000156e0       _sf_debug_symbol_scope_add_verbose 100166e0 f   sfc_debugmsvc80:sfcdebug.obj
 0001:00015750       _sf_debug_set_machine_data_value_ptr 10016750 f   sfc_debugmsvc80:sfcdebug.obj
 0001:00015790       _sf_debug_set_instance_data_value_ptr 10016790 f   sfc_debugmsvc80:sfcdebug.obj
 0001:000157f0       _sf_debug_unset_instance_data_value_ptr 100167f0 f   sfc_debugmsvc80:sfcdebug.obj
 0001:00015840       _sf_debug_set_chart_event_scope 10016840 f   sfc_debugmsvc80:sfcdebug.obj
 0001:000158c0       _sf_debug_set_chart_transition_coverage_maps 100168c0 f   sfc_debugmsvc80:sfcdebug.obj
 0001:00015950       _sf_debug_set_chart_state_coverage_maps 10016950 f   sfc_debugmsvc80:sfcdebug.obj
 0001:000159d0       _sf_debug_set_instance_transition_coverage_weights 100169d0 f   sfc_debugmsvc80:sfcdebug.obj
 0001:00015a40       _sf_debug_set_instance_state_coverage_weights 10016a40 f   sfc_debugmsvc80:sfcdebug.obj
 0001:00015c40       _sf_debug_unload_machine   10016c40 f   sfc_debugmsvc80:sfcdebug.obj
 0001:00015c90       _sf_debug_load_machine     10016c90 f   sfc_debugmsvc80:sfcdebug.obj
 0001:00015d40       _sf_debug_set_active_instance_in_data_dictionary 10016d40 f   sfc_debugmsvc80:sfcdebug.obj
 0001:00015ec0       _sf_debug_set_active_instance 10016ec0 f   sfc_debugmsvc80:sfcdebug.obj
 0001:00015fc0       _sf_debug_chart_visiblity_change 10016fc0 f   sfc_debugmsvc80:sfcdebug.obj
 0001:00016070       _sf_debug_select_chart     10017070 f   sfc_debugmsvc80:sfcdebug.obj
 0001:00016150       _sf_debug_set_instance_cv_ids 10017150 f   sfc_debugmsvc80:sfcdebug.obj
 0001:00016310       _sf_debug_select_charts    10017310 f   sfc_debugmsvc80:sfcdebug.obj
 0001:00016460       _sf_debug_initialized      10017460 f   sfc_debugmsvc80:sfcdebug.obj
 0001:00016470       _sf_debug_is_uninterruptible 10017470 f   sfc_debugmsvc80:sfcdebug.obj
 0001:000164a0       _sf_debug_initialize_debugger_gui 100174a0 f   sfc_debugmsvc80:sfcdebug.obj
 0001:00016820       _sf_debug_resume           10017820 f   sfc_debugmsvc80:sfcdebug.obj
 0001:00016840       _sf_debug_go               10017840 f   sfc_debugmsvc80:sfcdebug.obj
 0001:00016850       _sf_debug_break            10017850 f   sfc_debugmsvc80:sfcdebug.obj
 0001:00016860       _sf_debug_step_over        10017860 f   sfc_debugmsvc80:sfcdebug.obj
 0001:00016870       _sf_debug_step_out         10017870 f   sfc_debugmsvc80:sfcdebug.obj
 0001:00016880       _sf_debug_set_disable_all_breakpoints 10017880 f   sfc_debugmsvc80:sfcdebug.obj
 0001:00016890       _sf_debug_disable_all_breakpoints_and_go 10017890 f   sfc_debugmsvc80:sfcdebug.obj
 0001:000168a0       _sf_debug_break_on_chart_entry 100178a0 f   sfc_debugmsvc80:sfcdebug.obj
 0001:000168b0       _sf_debug_break_on_event_broadcast 100178b0 f   sfc_debugmsvc80:sfcdebug.obj
 0001:000168c0       _sf_debug_break_on_state_entry 100178c0 f   sfc_debugmsvc80:sfcdebug.obj
 0001:000168d0       _sf_debug_break_between_times 100178d0 f   sfc_debugmsvc80:sfcdebug.obj
 0001:00016900       _sf_debug_browse_data      10017900 f   sfc_debugmsvc80:sfcdebug.obj
 0001:00016920       _sf_debug_watch_data       10017920 f   sfc_debugmsvc80:sfcdebug.obj
 0001:00016950       _sf_debug_assign_data      10017950 f   sfc_debugmsvc80:sfcdebug.obj
 0001:00016970       _sf_debug_whos             10017970 f   sfc_debugmsvc80:sfcdebug.obj
 0001:00016990       _sf_debug_get_consistency_info 10017990 f   sfc_debugmsvc80:sfcdebug.obj
 0001:000169b0       _sf_debug_browse_trace     100179b0 f   sfc_debugmsvc80:sfcdebug.obj
 0001:000169d0       _sf_debug_set_breakpoints  100179d0 f   sfc_debugmsvc80:sfcdebug.obj
 0001:00016a90       _sf_debug_set_eml_breakpoints 10017a90 f   sfc_debugmsvc80:sfcdebug.obj
 0001:00016ba0       _sf_debug_set_script_breakpoints 10017ba0 f   sfc_debugmsvc80:sfcdebug.obj
 0001:00016c20       _sf_debug_add_script_breakpoints 10017c20 f   sfc_debugmsvc80:sfcdebug.obj
 0001:00016c90       _sf_debug_clear_script_breakpoints 10017c90 f   sfc_debugmsvc80:sfcdebug.obj
 0001:00016d00       _sf_debug_query_script_breakpoints 10017d00 f   sfc_debugmsvc80:sfcdebug.obj
 0001:00016da0       _sf_debug_get_eml_script_id 10017da0 f   sfc_debugmsvc80:sfcdebug.obj
 0001:00016df0       _sf_debug_set_watch        10017df0 f   sfc_debugmsvc80:sfcdebug.obj
 0001:00016f80       _sf_debug_get_instance_handle 10017f80 f   sfc_debugmsvc80:sfcdebug.obj
 0001:00017000       _sf_debug_get_active_states 10018000 f   sfc_debugmsvc80:sfcdebug.obj
 0001:00017020       _sf_debug_get_animation    10018020 f   sfc_debugmsvc80:sfcdebug.obj
 0001:00017030       _sf_debug_set_animation    10018030 f   sfc_debugmsvc80:sfcdebug.obj
 0001:00017040       _sf_debug_animate          10018040 f   sfc_debugmsvc80:sfcdebug.obj
 0001:00017070       _sf_debug_cycle_detection_check 10018070 f   sfc_debugmsvc80:sfcdebug.obj
 0001:00017080       _sf_debug_data_range_check 10018080 f   sfc_debugmsvc80:sfcdebug.obj
 0001:00017090       _sf_debug_transition_conflict_check 10018090 f   sfc_debugmsvc80:sfcdebug.obj
 0001:000170a0       _sf_debug_state_consistency_check 100180a0 f   sfc_debugmsvc80:sfcdebug.obj
 0001:000170b0       _sf_debug_data_range_check_enabled 100180b0 f   sfc_debugmsvc80:sfcdebug.obj
 0001:000170c0       _sf_debug_transition_conflict_check_enabled 100180c0 f   sfc_debugmsvc80:sfcdebug.obj
 0001:000170d0       _sf_debug_transition_conflict_check_begin 100180d0 f   sfc_debugmsvc80:sfcdebug.obj
 0001:000170f0       _sf_debug_transition_conflict_check_end 100180f0 f   sfc_debugmsvc80:sfcdebug.obj
 0001:00017110       _sf_debug_stop_debugging   10018110 f   sfc_debugmsvc80:sfcdebug.obj
 0001:00017140       _sf_debug_is_cycle_detected 10018140 f   sfc_debugmsvc80:sfcdebug.obj
 0001:00017150       _sf_debug_is_array_bounds_detected 10018150 f   sfc_debugmsvc80:sfcdebug.obj
 0001:00017160       _sf_debug_get_state_vectors_data_size 10018160 f   sfc_debugmsvc80:sfcdebug.obj
 0001:000171a0       _sf_debug_get_state_vectors_data 100181a0 f   sfc_debugmsvc80:sfcdebug.obj
 0001:00017270       _sf_debug_set_state_vectors_data 10018270 f   sfc_debugmsvc80:sfcdebug.obj
 0001:000174a0       _sf_debug_get_script_index 100184a0 f   sfc_debugmsvc80:sfcdebug.obj
 0001:000175d0       _sf_debug_add_script       100185d0 f   sfc_debugmsvc80:sfcdebug.obj
 0001:00017720       _cv_eval_point             10018720 f   sfc_debugmsvc80:sfcdebug.obj
 0001:000177f0       _cv_eval_testobjective     100187f0 f   sfc_debugmsvc80:sfcdebug.obj
 0001:000178a0       _sf_debug_cv_init_state    100188a0 f   sfc_debugmsvc80:sfcdebug.obj
 0001:00017930       _sf_debug_cv_init_chart    10018930 f   sfc_debugmsvc80:sfcdebug.obj
 0001:000179b0       _sf_debug_cv_init_trans    100189b0 f   sfc_debugmsvc80:sfcdebug.obj
 0001:00017a40       _sf_debug_cv_init_testobjectives 10018a40 f   sfc_debugmsvc80:sfcdebug.obj
 0001:00017b80       _cv_eml_init_script        10018b80 f   sfc_debugmsvc80:sfcdebug.obj
 0001:00017c00       _cv_eml_init_fcn           10018c00 f   sfc_debugmsvc80:sfcdebug.obj
 0001:00017c60       _cv_eml_init_testobjective 10018c60 f   sfc_debugmsvc80:sfcdebug.obj
 0001:00017cd0       _cv_eml_init_saturation    10018cd0 f   sfc_debugmsvc80:sfcdebug.obj
 0001:00017d40       _cv_eml_init_if            10018d40 f   sfc_debugmsvc80:sfcdebug.obj
 0001:00017db0       _cv_eml_init_for           10018db0 f   sfc_debugmsvc80:sfcdebug.obj
 0001:00017e20       _cv_eml_init_while         10018e20 f   sfc_debugmsvc80:sfcdebug.obj
 0001:00017e90       _cv_eml_init_mcdc          10018e90 f   sfc_debugmsvc80:sfcdebug.obj
 0001:00017f10       _cv_eml_init_switch        10018f10 f   sfc_debugmsvc80:sfcdebug.obj
 0001:00017f90       _cv_eml_eval               10018f90 f   sfc_debugmsvc80:sfcdebug.obj
 0001:00018010       _sf_debug_bm_is_a_eml_breakpoint 10019010 f   sfc_debugmsvc80:sfcdebug.obj
 0001:00018140       _sf_debug_temporal_threshold 10019140 f   sfc_debugmsvc80:sfcdebug.obj
 0001:00018430       _sf_debug_transition_conflict_error 10019430 f   sfc_debugmsvc80:sfcdebug.obj
 0001:000186d0       _sf_debug_state_inconsistency_error 100196d0 f   sfc_debugmsvc80:sfcdebug.obj
 0001:000187c0       _sf_debug_check_for_state_inconsistency 100197c0 f   sfc_debugmsvc80:sfcdebug.obj
 0001:00018800       _sf_debug_cycle_detecton_error 10019800 f   sfc_debugmsvc80:sfcdebug.obj
 0001:00018e10       _sf_debug_size_eq_check_1d 10019e10 f   sfc_debugmsvc80:sfcdebug.obj
 0001:00018e30       _sf_debug_size_eq_check_nd 10019e30 f   sfc_debugmsvc80:sfcdebug.obj
 0001:00018f10       _sf_debug_dim_size_eq_check 10019f10 f   sfc_debugmsvc80:sfcdebug.obj
 0001:00018f40       _sf_debug_dim_size_geq_check 10019f40 f   sfc_debugmsvc80:sfcdebug.obj
 0001:00018f70       _sf_debug_sub_assign_size_check_nd 10019f70 f   sfc_debugmsvc80:sfcdebug.obj
 0001:00019090       _sf_debug_matrix_matrix_index_check 1001a090 f   sfc_debugmsvc80:sfcdebug.obj
 0001:000190d0       _sf_debug_vector_vector_index_check 1001a0d0 f   sfc_debugmsvc80:sfcdebug.obj
 0001:00019110       _sf_debug_for_loop_vector_check 1001a110 f   sfc_debugmsvc80:sfcdebug.obj
 0001:00019170       _sf_debug_runtime_error_msgid 1001a170 f   sfc_debugmsvc80:sfcdebug.obj
 0001:00019200       _sf_debug_data_array_bounds_error_check 1001a200 f   sfc_debugmsvc80:sfcdebug.obj
 0001:00019260       _sf_debug_eml_data_array_bounds_error_check 1001a260 f   sfc_debugmsvc80:sfcdebug.obj
 0001:00019550       _sf_debug_integer_check    1001a550 f   sfc_debugmsvc80:sfcdebug.obj
 0001:000195d0       _sf_debug_not_nan_check    1001a5d0 f   sfc_debugmsvc80:sfcdebug.obj
 0001:00019620       _sf_debug_non_negative_check 1001a620 f   sfc_debugmsvc80:sfcdebug.obj
 0001:00019680       _sf_debug_overflow_detection 1001a680 f   sfc_debugmsvc80:sfcdebug.obj
 0001:00019ba0       _sf_debug_cast_to_real32_T 1001aba0 f   sfc_debugmsvc80:sfcdebug.obj
 0001:00019c00       _sf_debug_cast_to_int8_T   1001ac00 f   sfc_debugmsvc80:sfcdebug.obj
 0001:00019c80       _sf_debug_cast_to_uint8_T  1001ac80 f   sfc_debugmsvc80:sfcdebug.obj
 0001:00019d10       _sf_debug_cast_to_int16_T  1001ad10 f   sfc_debugmsvc80:sfcdebug.obj
 0001:00019d90       _sf_debug_cast_to_uint16_T 1001ad90 f   sfc_debugmsvc80:sfcdebug.obj
 0001:00019e20       _sf_debug_cast_to_int32_T  1001ae20 f   sfc_debugmsvc80:sfcdebug.obj
 0001:00019e90       _sf_debug_cast_to_uint32_T 1001ae90 f   sfc_debugmsvc80:sfcdebug.obj
 0001:00019f20       _sf_debug_data_range_error 1001af20 f   sfc_debugmsvc80:sfcdebug.obj
 0001:0001a1a0       _sf_debug_read_before_write_check 1001b1a0 f   sfc_debugmsvc80:sfcdebug.obj
 0001:0001a500       _sf_debug_data_range_error_wrapper_min_max 1001b500 f   sfc_debugmsvc80:sfcdebug.obj
 0001:0001a570       _sf_debug_data_range_error_wrapper_min 1001b570 f   sfc_debugmsvc80:sfcdebug.obj
 0001:0001a5d0       _sf_debug_data_range_error_wrapper_max 1001b5d0 f   sfc_debugmsvc80:sfcdebug.obj
 0001:0001a630       _sf_debug_data_range_wrapper 1001b630 f   sfc_debugmsvc80:sfcdebug.obj
 0001:0001a680       _sf_debug_set_current_status_info 1001b680 f   sfc_debugmsvc80:sfcdebug.obj
 0001:0001a9e0       _sf_debug_register_message_post_receive_info 1001b9e0 f   sfc_debugmsvc80:sfcdebug.obj
 0001:0001ab70       _sf_debug_call             1001bb70 f   sfc_debugmsvc80:sfcdebug.obj
 0001:0001b360       _sf_debug_initialize_machine 1001c360 f   sfc_debugmsvc80:sfcdebug.obj
 0001:0001b610       _sf_debug_initialize_chart 1001c610 f   sfc_debugmsvc80:sfcdebug.obj
 0001:0001b900       _sf_debug_ensure_script    1001c900 f   sfc_debugmsvc80:sfcdebug.obj
 0001:0001b9b0       _cv_script_init_script     1001c9b0 f   sfc_debugmsvc80:sfcdebug.obj
 0001:0001ba10       _cv_script_init_fcn        1001ca10 f   sfc_debugmsvc80:sfcdebug.obj
 0001:0001ba60       _cv_script_init_testobjective 1001ca60 f   sfc_debugmsvc80:sfcdebug.obj
 0001:0001bab0       _cv_script_init_if         1001cab0 f   sfc_debugmsvc80:sfcdebug.obj
 0001:0001bb00       _cv_script_init_for        1001cb00 f   sfc_debugmsvc80:sfcdebug.obj
 0001:0001bb50       _cv_script_init_while      1001cb50 f   sfc_debugmsvc80:sfcdebug.obj
 0001:0001bba0       _cv_script_init_mcdc       1001cba0 f   sfc_debugmsvc80:sfcdebug.obj
 0001:0001bc00       _cv_script_init_switch     1001cc00 f   sfc_debugmsvc80:sfcdebug.obj
 0001:0001bc60       _cv_script_eval            1001cc60 f   sfc_debugmsvc80:sfcdebug.obj
 0001:0001bcc0       _eml_debug_line_call       1001ccc0 f   sfc_debugmsvc80:sfcdebug.obj
 0001:0001bdc0       _sf_debug_terminate        1001cdc0 f   sfc_debugmsvc80:sfcdebug.obj
 0001:0001bef0       _sf_debug_set_script_cv_ids 1001cef0 f   sfc_debugmsvc80:sfcdebug.obj
 0001:0001bff0       _sf_debug_api              1001cff0 f   sfc_debugmsvc80:sfc_api.obj
 0001:0001d8a0       _sf_debug_sm_terminate     1001e8a0 f   sfc_debugmsvc80:sfdb_animation.obj
 0001:0001da10       _sf_debug_reset_path_objects 1001ea10 f   sfc_debugmsvc80:sfdb_animation.obj
 0001:0001da80       _sf_debug_sm_reset_object_selection_status 1001ea80 f   sfc_debugmsvc80:sfdb_animation.obj
 0001:0001db20       _sf_debug_sm_reset_state_buffer 1001eb20 f   sfc_debugmsvc80:sfdb_animation.obj
 0001:0001dbe0       _sf_debug_sm_store_state_buffer 1001ebe0 f   sfc_debugmsvc80:sfdb_animation.obj
 0001:0001dc60       _sf_debug_sm_restore_state_buffer1 1001ec60 f   sfc_debugmsvc80:sfdb_animation.obj
 0001:0001dcc0       _sf_debug_sm_restore_state_buffer2 1001ecc0 f   sfc_debugmsvc80:sfdb_animation.obj
 0001:0001dd20       _sf_debug_sm_chart_active  1001ed20 f   sfc_debugmsvc80:sfdb_animation.obj
 0001:0001dd70       _sf_debug_sm_select_active_objects 1001ed70 f   sfc_debugmsvc80:sfdb_animation.obj
 0001:0001e130       _sf_debug_sm_is_chart_active 1001f130 f   sfc_debugmsvc80:sfdb_animation.obj
 0001:0001e170       _sf_debug_sm_is_state_active 1001f170 f   sfc_debugmsvc80:sfdb_animation.obj
 0001:0001e320       _sf_debug_sm_get_active_states 1001f320 f   sfc_debugmsvc80:sfdb_animation.obj
 0001:0001e750       _sf_debug_sm_initialize_instance 1001f750 f   sfc_debugmsvc80:sfdb_animation.obj
 0001:0001e960       _sf_debug_sm_change_object_selection_status 1001f960 f   sfc_debugmsvc80:sfdb_animation.obj
 0001:0001eb50       _cv_create_interface       1001fb50 f   sfc_debugmsvc80:cv_sfinterface.obj
 0001:0001ee60       _cv_init_trans             1001fe60 f   sfc_debugmsvc80:cv_sfinterface.obj
 0001:0001eeb0       _cv_init_testobjective     1001feb0 f   sfc_debugmsvc80:cv_sfinterface.obj
 0001:0001ef00       _cv_init_state             1001ff00 f   sfc_debugmsvc80:cv_sfinterface.obj
 0001:0001ef60       _cv_init_chart             1001ff60 f   sfc_debugmsvc80:cv_sfinterface.obj
 0001:0001efb0       _cv_dec_update_call        1001ffb0 f   sfc_debugmsvc80:cv_sfinterface.obj
 0001:0001eff0       _cv_cond_update_call       1001fff0 f   sfc_debugmsvc80:cv_sfinterface.obj
 0001:0001f030       _cv_testobjective_update_call 10020030 f   sfc_debugmsvc80:cv_sfinterface.obj
 0001:0001f070       _cv_sigrange_update        10020070 f   sfc_debugmsvc80:cv_sfinterface.obj
 0001:0001f0c0       _cvsf_eml_eval             100200c0 f   sfc_debugmsvc80:cv_sfinterface.obj
 0001:0001f1b0       _cvsf_eml_init_script      100201b0 f   sfc_debugmsvc80:cv_sfinterface.obj
 0001:0001f220       _cvsf_eml_init_fcn         10020220 f   sfc_debugmsvc80:cv_sfinterface.obj
 0001:0001f280       _cvsf_eml_init_testobjective 10020280 f   sfc_debugmsvc80:cv_sfinterface.obj
 0001:0001f2e0       _cvsf_eml_init_saturation  100202e0 f   sfc_debugmsvc80:cv_sfinterface.obj
 0001:0001f340       _cvsf_eml_init_if          10020340 f   sfc_debugmsvc80:cv_sfinterface.obj
 0001:0001f3a0       _cvsf_eml_init_for         100203a0 f   sfc_debugmsvc80:cv_sfinterface.obj
 0001:0001f400       _cvsf_eml_init_while       10020400 f   sfc_debugmsvc80:cv_sfinterface.obj
 0001:0001f460       _cvsf_eml_init_mcdc        10020460 f   sfc_debugmsvc80:cv_sfinterface.obj
 0001:0001f4d0       _cvsf_eml_init_switch      100204d0 f   sfc_debugmsvc80:cv_sfinterface.obj
 0001:0001f530       _cvsf_script_eval          10020530 f   sfc_debugmsvc80:cv_sfinterface.obj
 0001:0001f620       _cvsf_script_init_script   10020620 f   sfc_debugmsvc80:cv_sfinterface.obj
 0001:0001f690       _cvsf_script_init_fcn      10020690 f   sfc_debugmsvc80:cv_sfinterface.obj
 0001:0001f6f0       _cvsf_script_init_testobjective 100206f0 f   sfc_debugmsvc80:cv_sfinterface.obj
 0001:0001f750       _cvsf_script_init_saturation 10020750 f   sfc_debugmsvc80:cv_sfinterface.obj
 0001:0001f7b0       _cvsf_script_init_if       100207b0 f   sfc_debugmsvc80:cv_sfinterface.obj
 0001:0001f810       _cvsf_script_init_for      10020810 f   sfc_debugmsvc80:cv_sfinterface.obj
 0001:0001f860       _cvsf_script_init_while    10020860 f   sfc_debugmsvc80:cv_sfinterface.obj
 0001:0001f8b0       _cvsf_script_init_mcdc     100208b0 f   sfc_debugmsvc80:cv_sfinterface.obj
 0001:0001f920       _cvsf_script_init_switch   10020920 f   sfc_debugmsvc80:cv_sfinterface.obj
 0001:0001f980       _cv_destroy_interface      10020980 f   sfc_debugmsvc80:cv_sfinterface.obj
 0001:0001f9a0       _cv_create_instance_objects 100209a0 f   sfc_debugmsvc80:cv_sfinterface.obj
 0001:0001fce0       _cv_is_enabled             10020ce0 f   sfc_debugmsvc80:cv_sfinterface.obj
 0001:0001fcf0       _sf_debug_cv_initialize_script 10020cf0 f   sfc_debugmsvc80:cv_sfinterface.obj
 0001:0001fe80       _sf_debug_cv_initialize_instance 10020e80 f   sfc_debugmsvc80:cv_sfinterface.obj
 0001:00020180       _sf_debug_cv_terminate_chart 10021180 f   sfc_debugmsvc80:cv_sfinterface.obj
 0001:00020270       _cv_call_trans_test        10021270 f   sfc_debugmsvc80:cv_sfinterface.obj
 0001:00020280       _cv_call_sub_cond_test     10021280 f   sfc_debugmsvc80:cv_sfinterface.obj
 0001:000202c0       _sf_debug_st_initialize_machine 100212c0 f   sfc_debugmsvc80:sfdb_data_browse.obj
 0001:00020370       _sf_debug_st_initialize_instance 10021370 f   sfc_debugmsvc80:sfdb_data_browse.obj
 0001:00020530       _sf_debug_st_terminate     10021530 f   sfc_debugmsvc80:sfdb_data_browse.obj
 0001:00020690       _sf_debug_st_set_data_value_ptr_in_machine 10021690 f   sfc_debugmsvc80:sfdb_data_browse.obj
 0001:00020700       _sf_debug_st_set_data_value_ptr_in_instance 10021700 f   sfc_debugmsvc80:sfdb_data_browse.obj
 0001:000207b0       _sf_debug_st_unset_data_value_ptr_in_machine 100217b0 f   sfc_debugmsvc80:sfdb_data_browse.obj
 0001:00020810       _sf_debug_st_unset_data_value_ptr_in_instance 10021810 f   sfc_debugmsvc80:sfdb_data_browse.obj
 0001:00020b20       _sf_debug_mx_value         10021b20 f   sfc_debugmsvc80:sfdb_data_browse.obj
 0001:00020b70       _sf_debug_mx_packed_vector 10021b70 f   sfc_debugmsvc80:sfdb_data_browse.obj
 0001:00020c10       _sf_debug_mx_uint_vector   10021c10 f   sfc_debugmsvc80:sfdb_data_browse.obj
 0001:00020c90       _sf_debug_st_get_double_value_from_void_ptr_vector 10021c90 f   sfc_debugmsvc80:sfdb_data_browse.obj
 0001:00021490       _sf_debug_st_browse_data   10022490 f   sfc_debugmsvc80:sfdb_data_browse.obj
 0001:00021b60       _sf_debug_hm_initialize_instance 10022b60 f   sfc_debugmsvc80:sfdb_handle_management.obj
 0001:00022010       _sf_debug_hm_get_object_id 10023010 f   sfc_debugmsvc80:sfdb_handle_management.obj
 0001:00022a30       _sf_debug_hm_update_chart_visibility 10023a30 f   sfc_debugmsvc80:sfdb_handle_management.obj
 0001:000239f0       _sf_debug_object_is_eml_function 100249f0 f   sfc_debugmsvc80:sfdb_handle_management.obj
 0001:00023a50       _sf_debug_hm_initialize_ids_in_machine 10024a50 f   sfc_debugmsvc80:sfdb_handle_management.obj
 0001:00023ba0       _sf_debug_hm_initialize_ids_in_chart 10024ba0 f   sfc_debugmsvc80:sfdb_handle_management.obj
 0001:00023c90       _sf_debug_hm_initialize_chart 10024c90 f   sfc_debugmsvc80:sfdb_handle_management.obj
 0001:00024330       _sf_debug_hm_terminate     10025330 f   sfc_debugmsvc80:sfdb_handle_management.obj
 0001:00024390       _sf_debug_hm_initialize_machine 10025390 f   sfc_debugmsvc80:sfdb_handle_management.obj
 0001:00024a50       _sf_debug_ss_initialize    10025a50 f   sfc_debugmsvc80:sfdb_symbol_scope.obj
 0001:00024a70       _sf_debug_ss_terminate     10025a70 f   sfc_debugmsvc80:sfdb_symbol_scope.obj
 0001:00024af0       _sf_debug_ss_push_symbol_scope 10025af0 f   sfc_debugmsvc80:sfdb_symbol_scope.obj
 0001:00024bb0       _sf_debug_ss_push_symbol_scope_eml 10025bb0 f   sfc_debugmsvc80:sfdb_symbol_scope.obj
 0001:00024c00       _sf_debug_ss_pop_symbol_scope 10025c00 f   sfc_debugmsvc80:sfdb_symbol_scope.obj
 0001:00024ca0       _sf_debug_ss_add_symbol    10025ca0 f   sfc_debugmsvc80:sfdb_symbol_scope.obj
 0001:00024d90       _sf_debug_ss_add_symbol_eml 10025d90 f   sfc_debugmsvc80:sfdb_symbol_scope.obj
 0001:000256a0       _sf_debug_ss_set_data_value 100266a0 f   sfc_debugmsvc80:sfdb_symbol_scope.obj
 0001:000259f0       _getInstanceNumber         100269f0 f   sfc_debugmsvc80:sfdb_symbol_scope.obj
 0001:00025ac0       _sf_debug_ss_watch_data    10026ac0 f   sfc_debugmsvc80:sfdb_symbol_scope.obj
 0001:00025bb0       _sf_debug_ss_assign_data   10026bb0 f   sfc_debugmsvc80:sfdb_symbol_scope.obj
 0001:00026450       _get_data_entry_name       10027450 f   sfc_debugmsvc80:sfdb_symbol_scope.obj
 0001:000264a0       _sf_debug_ss_whos          100274a0 f   sfc_debugmsvc80:sfdb_symbol_scope.obj
 0001:00026950       _sf_debug_cc_initialize_chart 10027950 f   sfc_debugmsvc80:sfdb_coverage.obj
 0001:00027320       _sf_debug_cc_initialize_instance 10028320 f   sfc_debugmsvc80:sfdb_coverage.obj
 0001:00027f80       _sf_debug_cc_terminate     10028f80 f   sfc_debugmsvc80:sfdb_coverage.obj
 0001:00028050       _sf_debug_cc_set_transition_maps 10029050 f   sfc_debugmsvc80:sfdb_coverage.obj
 0001:00028150       _sf_debug_cc_set_state_maps 10029150 f   sfc_debugmsvc80:sfdb_coverage.obj
 0001:00028220       _sf_debug_cc_set_transition_weights 10029220 f   sfc_debugmsvc80:sfdb_coverage.obj
 0001:00028460       _sf_debug_cc_set_state_weights 10029460 f   sfc_debugmsvc80:sfdb_coverage.obj
 0001:000286a0       _sf_debug_cc_mark_transition_guard 100296a0 f   sfc_debugmsvc80:sfdb_coverage.obj
 0001:00028720       _sf_debug_cc_mark_transition_trigger 10029720 f   sfc_debugmsvc80:sfdb_coverage.obj
 0001:000287a0       _sf_debug_cc_mark_transition_decision 100297a0 f   sfc_debugmsvc80:sfdb_coverage.obj
 0001:00028800       _sf_debug_cc_mark_transition_condition_action 10029800 f   sfc_debugmsvc80:sfdb_coverage.obj
 0001:00028850       _sf_debug_cc_mark_transition_transition_action 10029850 f   sfc_debugmsvc80:sfdb_coverage.obj
 0001:000288a0       _sf_debug_cc_mark_state_entry 100298a0 f   sfc_debugmsvc80:sfdb_coverage.obj
 0001:000288f0       _sf_debug_cc_mark_state_during 100298f0 f   sfc_debugmsvc80:sfdb_coverage.obj
 0001:00028940       _sf_debug_cc_mark_state_exit 10029940 f   sfc_debugmsvc80:sfdb_coverage.obj
 0001:00028990       _sf_debug_bm_clear_script_breakpoints 10029990 f   sfc_debugmsvc80:sfdb_breakpoints.obj
 0001:000289d0       _sf_debug_bm_set_script_breakpoint 100299d0 f   sfc_debugmsvc80:sfdb_breakpoints.obj
 0001:00028a40       _sf_debug_bm_clear_single_script_breakpoint 10029a40 f   sfc_debugmsvc80:sfdb_breakpoints.obj
 0001:00028ab0       _sf_debug_bm_query_script_breakpoint 10029ab0 f   sfc_debugmsvc80:sfdb_breakpoints.obj
 0001:00028b00       _sf_debug_bm_initialize_scripts 10029b00 f   sfc_debugmsvc80:sfdb_breakpoints.obj
 0001:000290a0       _sf_debug_bm_terminate     1002a0a0 f   sfc_debugmsvc80:sfdb_breakpoints.obj
 0001:00029360       _sf_debug_bm_remove_all_breakpoints_in_machine 1002a360 f   sfc_debugmsvc80:sfdb_breakpoints.obj
 0001:000293b0       _sf_debug_bm_remove_all_breakpoints_in_chart 1002a3b0 f   sfc_debugmsvc80:sfdb_breakpoints.obj
 0001:000294e0       _sf_debug_bm_initialize_global_breakpoints 1002a4e0 f   sfc_debugmsvc80:sfdb_breakpoints.obj
 0001:00029690       _sf_debug_bm_set_breakpoint 1002a690 f   sfc_debugmsvc80:sfdb_breakpoints.obj
 0001:00029bf0       _sf_debug_bm_set_eml_breakpoint 1002abf0 f   sfc_debugmsvc80:sfdb_breakpoints.obj
 0001:00029c70       _sf_debug_bm_initialize_machine_breakpoint_map 1002ac70 f   sfc_debugmsvc80:sfdb_breakpoints.obj
 0001:0002a010       _sf_debug_bm_is_a_breakpoint 1002b010 f   sfc_debugmsvc80:sfdb_breakpoints.obj
 0001:0002a500       _sf_debug_bm_get_all_breakpoints_in_machine 1002b500 f   sfc_debugmsvc80:sfdb_breakpoints.obj
 0001:0002a7a0       _sf_debug_bm_get_all_breakpoints_in_chart 1002b7a0 f   sfc_debugmsvc80:sfdb_breakpoints.obj
 0001:0002b1d0       _sf_debug_bm_initialize_machine 1002c1d0 f   sfc_debugmsvc80:sfdb_breakpoints.obj
 0001:0002b270       _sf_debug_bm_initialize_chart 1002c270 f   sfc_debugmsvc80:sfdb_breakpoints.obj
 0001:0002b600       _sf_debug_sc_terminate     1002c600 f   sfc_debugmsvc80:sfdb_state_consistency.obj
 0001:0002b880       _sf_debug_sc_is_chart_consistent 1002c880 f   sfc_debugmsvc80:sfdb_state_consistency.obj
 0001:0002ba60       _sf_debug_sc_get_consistency_error_info 1002ca60 f   sfc_debugmsvc80:sfdb_state_consistency.obj
 0001:0002bdc0       _sf_debug_tm_terminate     1002cdc0 f   sfc_debugmsvc80:sfdb_call_stack.obj
 0001:0002be60       _sf_debug_tm_push_chart_instance 1002ce60 f   sfc_debugmsvc80:sfdb_call_stack.obj
 0001:0002bf90       _sf_debug_tm_pop_chart_instance 1002cf90 f   sfc_debugmsvc80:sfdb_call_stack.obj
 0001:0002bff0       _sf_debug_tm_push_trace_node 1002cff0 f   sfc_debugmsvc80:sfdb_call_stack.obj
 0001:0002c100       _sf_debug_tm_pop_trace_node 1002d100 f   sfc_debugmsvc80:sfdb_call_stack.obj
 0001:0002c180       _sf_debug_tm_get_current_global_trace_index 1002d180 f   sfc_debugmsvc80:sfdb_call_stack.obj
 0001:0002c1a0       _sf_debug_tm_get_current_local_trace_index 1002d1a0 f   sfc_debugmsvc80:sfdb_call_stack.obj
 0001:0002c1d0       _sf_debug_tm_set_cycle_detected_flag 1002d1d0 f   sfc_debugmsvc80:sfdb_call_stack.obj
 0001:0002c220       _sf_debug_tm_set_cycle_started_flag 1002d220 f   sfc_debugmsvc80:sfdb_call_stack.obj
 0001:0002c270       _sf_debug_tm_get_chart_number_from_stack 1002d270 f   sfc_debugmsvc80:sfdb_call_stack.obj
 0001:0002c410       _sf_debug_tm_browse_trace  1002d410 f   sfc_debugmsvc80:sfdb_call_stack.obj
 0001:0002c680       _sf_debug_cd_initialize_instance 1002d680 f   sfc_debugmsvc80:sfdb_cycle_detection.obj
 0001:0002c8b0       _sf_debug_cd_mark_processed_transition_in_instance 1002d8b0 f   sfc_debugmsvc80:sfdb_cycle_detection.obj
 0001:0002c930       _sf_debug_cd_checksum_push 1002d930 f   sfc_debugmsvc80:sfdb_cycle_detection.obj
 0001:0002cc30       _sf_debug_cd_checksum_pop  1002dc30 f   sfc_debugmsvc80:sfdb_cycle_detection.obj
 0001:0002cc90       _sf_debug_cd_turn_off_cycle_detection 1002dc90 f   sfc_debugmsvc80:sfdb_cycle_detection.obj
 0001:0002cce0       _sf_debug_cd_terminate     1002dce0 f   sfc_debugmsvc80:sfdb_cycle_detection.obj
 0001:0002ceb0       _md5_initialize_state      1002deb0 f   sfc_debugmsvc80:ckmd5.obj
 0001:0002d740       _md5_update_state          1002e740 f   sfc_debugmsvc80:ckmd5.obj
 0001:0002d760       _md5_get_hash              1002e760 f   sfc_debugmsvc80:ckmd5.obj
 0001:0002d780       _md5_get_hash_for_a_single_string 1002e780 f   sfc_debugmsvc80:ckmd5.obj
 0001:0002d7ea       _mxGetPr                   1002e7ea f   libmx:libmx.dll
 0001:0002d7f0       _mxCreateDoubleScalar      1002e7f0 f   libmx:libmx.dll
 0001:0002d7f6       _mxCreateDoubleMatrix_730  1002e7f6 f   libmx:libmx.dll
 0001:0002d7fc       _mxSetField_730            1002e7fc f   libmx:libmx.dll
 0001:0002d802       _mxCreateString            1002e802 f   libmx:libmx.dll
 0001:0002d808       _mxCreateStructMatrix_730  1002e808 f   libmx:libmx.dll
 0001:0002d80e       _mxDestroyArray            1002e80e f   libmx:libmx.dll
 0001:0002d814       _mxDuplicateArray          1002e814 f   libmx:libmx.dll
 0001:0002d81a       _mxGetString_730           1002e81a f   libmx:libmx.dll
 0001:0002d820       _mxIsChar                  1002e820 f   libmx:libmx.dll
 0001:0002d826       _mxGetClassID              1002e826 f   libmx:libmx.dll
 0001:0002d82c       _mxIsNumeric               1002e82c f   libmx:libmx.dll
 0001:0002d832       _mxIsComplex               1002e832 f   libmx:libmx.dll
 0001:0002d838       _mxGetN                    1002e838 f   libmx:libmx.dll
 0001:0002d83e       _mxGetM                    1002e83e f   libmx:libmx.dll
 0001:0002d844       _mxCalloc                  1002e844 f   libmx:libmx.dll
 0001:0002d84a       _mxGetScalar               1002e84a f   libmx:libmx.dll
 0001:0002d850       _mxIsLogical               1002e850 f   libmx:libmx.dll
 0001:0002d856       _mxCreateDoubleMatrix_700  1002e856 f   libmx:libmx.dll
 0001:0002d85c       _mxFree                    1002e85c f   libmx:libmx.dll
 0001:0002d862       _mxArrayToString           1002e862 f   libmx:libmx.dll
 0001:0002d868       _mxCreateCellMatrix_700    1002e868 f   libmx:libmx.dll
 0001:0002d86e       _mxSetCell_700             1002e86e f   libmx:libmx.dll
 0001:0002d874       _mxGetCell_700             1002e874 f   libmx:libmx.dll
 0001:0002d87a       _mxGetClassName            1002e87a f   libmx:libmx.dll
 0001:0002d880       _mxSetField_700            1002e880 f   libmx:libmx.dll
 0001:0002d886       _mxAddField                1002e886 f   libmx:libmx.dll
 0001:0002d88c       _mxGetField_700            1002e88c f   libmx:libmx.dll
 0001:0002d892       _mxGetNumberOfElements     1002e892 f   libmx:libmx.dll
 0001:0002d898       _mxIsStruct                1002e898 f   libmx:libmx.dll
 0001:0002d89e       _mxIsA                     1002e89e f   libmx:libmx.dll
 0001:0002d8a4       _mxIsClass                 1002e8a4 f   libmx:libmx.dll
 0001:0002d8aa       _mxGetLogicals             1002e8aa f   libmx:libmx.dll
 0001:0002d8b0       _mxIsSparse                1002e8b0 f   libmx:libmx.dll
 0001:0002d8b6       _mxSetFieldByNumber_700    1002e8b6 f   libmx:libmx.dll
 0001:0002d8bc       _mxGetFieldByNumber_700    1002e8bc f   libmx:libmx.dll
 0001:0002d8c2       _mxGetFieldNameByNumber    1002e8c2 f   libmx:libmx.dll
 0001:0002d8c8       _mxGetNumberOfFields       1002e8c8 f   libmx:libmx.dll
 0001:0002d8ce       _mxCreateStructMatrix_700  1002e8ce f   libmx:libmx.dll
 0001:0002d8d4       _mxGetFieldNumber          1002e8d4 f   libmx:libmx.dll
 0001:0002d8da       _mxIsNaN                   1002e8da f   libmx:libmx.dll
 0001:0002d8e0       _mxIsEmpty                 1002e8e0 f   libmx:libmx.dll
 0001:0002d8e6       _mxGetData                 1002e8e6 f   libmx:libmx.dll
 0001:0002d8ec       _mxGetImagData             1002e8ec f   libmx:libmx.dll
 0001:0002d8f2       _mxArrayClassIDName        1002e8f2 f   libmx:libmx.dll
 0001:0002d8f8       _mxCreateNumericMatrix_700 1002e8f8 f   libmx:libmx.dll
 0001:0002d8fe       _mxCreateStructArray_700   1002e8fe f   libmx:libmx.dll
 0001:0002d904       _mxCalcSingleSubscript_700 1002e904 f   libmx:libmx.dll
 0001:0002d90a       _mxGetDimensions_700       1002e90a f   libmx:libmx.dll
 0001:0002d910       _mxGetNumberOfDimensions_700 1002e910 f   libmx:libmx.dll
 0001:0002d916       _mxCreateNumericArray_700  1002e916 f   libmx:libmx.dll
 0001:0002d91c       _mxGetElementSize          1002e91c f   libmx:libmx.dll
 0001:0002d922       _mxCreateStringFromNChars_700 1002e922 f   libmx:libmx.dll
 0001:0002d928       _mxGetString_700           1002e928 f   libmx:libmx.dll
 0001:0002d92e       _mxIsLogicalScalarTrue     1002e92e f   libmx:libmx.dll
 0001:0002d934       _mxCreateLogicalScalar     1002e934 f   libmx:libmx.dll
 0001:0002d93a       _mexUnlock                 1002e93a f   libmex:libmex.dll
 0001:0002d940       _mexIsLocked               1002e940 f   libmex:libmex.dll
 0001:0002d946       _mexWarnMsgTxt             1002e946 f   libmex:libmex.dll
 0001:0002d94c       _mexCallMATLAB             1002e94c f   libmex:libmex.dll
 0001:0002d952       _mexErrMsgTxt              1002e952 f   libmex:libmex.dll
 0001:0002d958       _mexMakeArrayPersistent    1002e958 f   libmex:libmex.dll
 0001:0002d95e       _mexSetTrapFlag            1002e95e f   libmex:libmex.dll
 0001:0002d964       _mexPutVariable            1002e964 f   libmex:libmex.dll
 0001:0002d96a       _mexGetVariable            1002e96a f   libmex:libmex.dll
 0001:0002d970       _mexLock                   1002e970 f   libmex:libmex.dll
 0001:0002d976       _mexMakeMemoryPersistent   1002e976 f   libmex:libmex.dll
 0001:0002d97c       _mexFunctionName           1002e97c f   libmex:libmex.dll
 0001:0002d982       _ssRegisterDataTypeFxpFSlopeFixExpBias 1002e982 f   libfixedpoint:libfixedpoint.dll
 0001:0002d988       _utVSNprintf               1002e988 f   libut:libut.dll
 0001:0002d98e       _utCPUtime                 1002e98e f   libut:libut.dll
 0001:0002d994       _utFree                    1002e994 f   libut:libut.dll
 0001:0002d99a       _utMalloc                  1002e99a f   libut:libut.dll
 0001:0002d9a0       _muDoubleScalarSin         1002e9a0 f   libmwmathutil:libmwmathutil.dll
 0001:0002d9a6       _muDoubleScalarCos         1002e9a6 f   libmwmathutil:libmwmathutil.dll
 0001:0002d9ac       _muDoubleScalarPower       1002e9ac f   libmwmathutil:libmwmathutil.dll
 0001:0002d9b2       _emlrtCreateRootTLS        1002e9b2 f   libemlrt:libemlrt.dll
 0001:0002d9b8       _emlrtDestroyRootTLS       1002e9b8 f   libemlrt:libemlrt.dll
 0001:0002d9be       _emlrtCheckBuiltInR2012b   1002e9be f   libemlrt:libemlrt.dll
 0001:0002d9c4       _emlrtCheckVsBuiltInR2012b 1002e9c4 f   libemlrt:libemlrt.dll
 0001:0002d9ca       _emlrtCheckEnumR2012b      1002e9ca f   libemlrt:libemlrt.dll
 0001:0002d9d0       _emlrtCreateEnumR2012b     1002e9d0 f   libemlrt:libemlrt.dll
 0001:0002d9d6       _emlrtGetEnumElementR2009a 1002e9d6 f   libemlrt:libemlrt.dll
 0001:0002d9dc       _emlrtCreateReference      1002e9dc f   libemlrt:libemlrt.dll
 0001:0002d9e2       _emlrtImportVsFiArrayR2009b 1002e9e2 f   libemlrt:libemlrt.dll
 0001:0002d9e8       _emlrtNameCapturePostProcessR2012a 1002e9e8 f   libemlrt:libemlrt.dll
 0001:0002d9ee       _emlrtExtractMessageId     1002e9ee f   libemlrt:libemlrt.dll
 0001:0002d9f4       _emlrtTranslateMessageIDtoLCPstring 1002e9f4 f   libemlrt:libemlrt.dll
 0001:0002d9fa       _emlrtForLoopVectorIsValidR2011b 1002e9fa f   libemlrt:libemlrt.dll
 0001:0002da00       _emlrtTranslateUTF16MessagetoLCPstring 1002ea00 f   libemlrt:libemlrt.dll
 0001:0002da06       _emlrtGetEnumUnderlyingArrayR2009a 1002ea06 f   libemlrt:libemlrt.dll
 0001:0002da0c       _emlrtIsEnumR2009a         1002ea0c f   libemlrt:libemlrt.dll
 0001:0002da12       _strlen                    1002ea12 f   MSVCRT:MSVCR100.dll
 0001:0002da18       @__security_check_cookie@4 1002ea18 f   MSVCRT:secchk.obj
 0001:0002da30       _memset                    1002ea30 f   MSVCRT:MSVCR100.dll
 0001:0002da36       _malloc                    1002ea36 f   MSVCRT:MSVCR100.dll
 0001:0002da3c       _free                      1002ea3c f   MSVCRT:MSVCR100.dll
 0001:0002da42       _strcmp                    1002ea42 f   MSVCRT:MSVCR100.dll
 0001:0002da48       _sprintf                   1002ea48 f   MSVCRT:MSVCR100.dll
 0001:0002da4e       _strcat                    1002ea4e f   MSVCRT:MSVCR100.dll
 0001:0002da60       __ftol2_sse                1002ea60 f   MSVCRT:ftol2.obj
 0001:0002da69       __ftol2_pentium4           1002ea69 f   MSVCRT:ftol2.obj
 0001:0002da7c       __ftol2_sse_excpt          1002ea7c f   MSVCRT:ftol2.obj
 0001:0002da96       __ftol2                    1002ea96 f   MSVCRT:ftol2.obj
 0001:0002db0c       _memcpy                    1002eb0c f   MSVCRT:MSVCR100.dll
 0001:0002db12       _NtCurrentTeb              1002eb12 f i MSVCRT:crtdll.obj
 0001:0002db67       __CRT_INIT@12              1002eb67 f   MSVCRT:crtdll.obj
 0001:0002de87       __DllMainCRTStartup@12     1002ee87 f   MSVCRT:crtdll.obj
 0001:0002deaa       _strncpy                   1002eeaa f   MSVCRT:MSVCR100.dll
 0001:0002deb0       __chkstk                   1002eeb0 f   MSVCRT:chkstk.obj
 0001:0002deb0       __alloca_probe             1002eeb0     MSVCRT:chkstk.obj
 0001:0002dedc       _longjmp                   1002eedc f   MSVCRT:MSVCR100.dll
 0001:0002dee2       _strncmp                   1002eee2 f   MSVCRT:MSVCR100.dll
 0001:0002dee8       _ceil                      1002eee8 f   MSVCRT:MSVCR100.dll
 0001:0002deee       _strrchr                   1002eeee f   MSVCRT:MSVCR100.dll
 0001:0002def4       __setjmp3                  1002eef4 f   MSVCRT:MSVCR100.dll
 0001:0002defa       _calloc                    1002eefa f   MSVCRT:MSVCR100.dll
 0001:0002df00       _realloc                   1002ef00 f   MSVCRT:MSVCR100.dll
 0001:0002df06       _ldexp                     1002ef06 f   MSVCRT:MSVCR100.dll
 0001:0002df0c       ___report_gsfailure        1002ef0c f   MSVCRT:gs_report.obj
 0001:0002e012       ___sse2_available_init     1002f012 f   MSVCRT:cpu_disp.obj
 0001:0002e022       ___clean_type_info_names   1002f022 f   MSVCRT:tncleanup.obj
 0001:0002e02e       __onexit                   1002f02e f   MSVCRT:atonexit.obj
 0001:0002e0cf       _atexit                    1002f0cf f   MSVCRT:atonexit.obj
 0001:0002e0e6       __RTC_Initialize           1002f0e6 f   MSVCRT:_initsect_.obj
 0001:0002e10c       __RTC_Terminate            1002f10c f   MSVCRT:_initsect_.obj
 0001:0002e132       __malloc_crt               1002f132 f   MSVCRT:MSVCR100.dll
 0001:0002e138       __encoded_null             1002f138 f   MSVCRT:MSVCR100.dll
 0001:0002e140       __ValidateImageBase        1002f140 f   MSVCRT:pesect.obj
 0001:0002e180       __FindPESection            1002f180 f   MSVCRT:pesect.obj
 0001:0002e1d0       __IsNonwritableInCurrentImage 1002f1d0 f   MSVCRT:pesect.obj
 0001:0002e28c       __initterm                 1002f28c f   MSVCRT:MSVCR100.dll
 0001:0002e292       __initterm_e               1002f292 f   MSVCRT:MSVCR100.dll
 0001:0002e298       __amsg_exit                1002f298 f   MSVCRT:MSVCR100.dll
 0001:0002e29e       ___CppXcptFilter           1002f29e f   MSVCRT:MSVCR100.dll
 0001:0002e2a4       _DllMain@12                1002f2a4 f   MSVCRT:dllmain.obj
 0001:0002e2d0       __SEH_prolog4              1002f2d0 f   MSVCRT:sehprolg4.obj
 0001:0002e315       __SEH_epilog4              1002f315 f   MSVCRT:sehprolg4.obj
 0001:0002e329       __except_handler4          1002f329 f   MSVCRT:chandler4gs.obj
 0001:0002e34e       ___security_init_cookie    1002f34e f   MSVCRT:gs_support.obj
 0001:0002e3ea       __crt_debugger_hook        1002f3ea f   MSVCRT:MSVCR100.dll
 0001:0002e3f0       ___clean_type_info_names_internal 1002f3f0 f   MSVCRT:MSVCR100.dll
 0001:0002e3f6       __unlock                   1002f3f6 f   MSVCRT:MSVCR100.dll
 0001:0002e3fc       ___dllonexit               1002f3fc f   MSVCRT:MSVCR100.dll
 0001:0002e402       __lock                     1002f402 f   MSVCRT:MSVCR100.dll
 0001:0002e408       __except_handler4_common   1002f408 f   MSVCRT:MSVCR100.dll
 0001:0002e40e       _EncodePointer@4           1002f40e f   kernel32:KERNEL32.dll
 0001:0002e414       _DecodePointer@4           1002f414 f   kernel32:KERNEL32.dll
 0001:0002e41a       _InterlockedExchange@8     1002f41a f   kernel32:KERNEL32.dll
 0001:0002e420       _Sleep@4                   1002f420 f   kernel32:KERNEL32.dll
 0001:0002e426       _InterlockedCompareExchange@12 1002f426 f   kernel32:KERNEL32.dll
 0001:0002e42c       _TerminateProcess@8        1002f42c f   kernel32:KERNEL32.dll
 0001:0002e432       _GetCurrentProcess@0       1002f432 f   kernel32:KERNEL32.dll
 0001:0002e438       _UnhandledExceptionFilter@4 1002f438 f   kernel32:KERNEL32.dll
 0001:0002e43e       _SetUnhandledExceptionFilter@4 1002f43e f   kernel32:KERNEL32.dll
 0001:0002e444       _IsDebuggerPresent@0       1002f444 f   kernel32:KERNEL32.dll
 0001:0002e44a       _IsProcessorFeaturePresent@4 1002f44a f   kernel32:KERNEL32.dll
 0001:0002e450       _DisableThreadLibraryCalls@4 1002f450 f   kernel32:KERNEL32.dll
 0001:0002e456       _QueryPerformanceCounter@4 1002f456 f   kernel32:KERNEL32.dll
 0001:0002e45c       _GetTickCount@0            1002f45c f   kernel32:KERNEL32.dll
 0001:0002e462       _GetCurrentThreadId@0      1002f462 f   kernel32:KERNEL32.dll
 0001:0002e468       _GetCurrentProcessId@0     1002f468 f   kernel32:KERNEL32.dll
 0001:0002e46e       _GetSystemTimeAsFileTime@4 1002f46e f   kernel32:KERNEL32.dll
 0002:00000000       __imp__DisableThreadLibraryCalls@4 10030000     kernel32:KERNEL32.dll
 0002:00000004       __imp__IsProcessorFeaturePresent@4 10030004     kernel32:KERNEL32.dll
 0002:00000008       __imp__IsDebuggerPresent@0 10030008     kernel32:KERNEL32.dll
 0002:0000000c       __imp__SetUnhandledExceptionFilter@4 1003000c     kernel32:KERNEL32.dll
 0002:00000010       __imp__UnhandledExceptionFilter@4 10030010     kernel32:KERNEL32.dll
 0002:00000014       __imp__GetCurrentProcess@0 10030014     kernel32:KERNEL32.dll
 0002:00000018       __imp__TerminateProcess@8  10030018     kernel32:KERNEL32.dll
 0002:0000001c       __imp__InterlockedCompareExchange@12 1003001c     kernel32:KERNEL32.dll
 0002:00000020       __imp__Sleep@4             10030020     kernel32:KERNEL32.dll
 0002:00000024       __imp__InterlockedExchange@8 10030024     kernel32:KERNEL32.dll
 0002:00000028       __imp__DecodePointer@4     10030028     kernel32:KERNEL32.dll
 0002:0000002c       __imp__EncodePointer@4     1003002c     kernel32:KERNEL32.dll
 0002:00000030       __imp__GetTickCount@0      10030030     kernel32:KERNEL32.dll
 0002:00000034       __imp__GetCurrentThreadId@0 10030034     kernel32:KERNEL32.dll
 0002:00000038       __imp__GetCurrentProcessId@0 10030038     kernel32:KERNEL32.dll
 0002:0000003c       __imp__GetSystemTimeAsFileTime@4 1003003c     kernel32:KERNEL32.dll
 0002:00000040       __imp__QueryPerformanceCounter@4 10030040     kernel32:KERNEL32.dll
 0002:00000044       \177KERNEL32_NULL_THUNK_DATA 10030044     kernel32:KERNEL32.dll
 0002:00000048       __imp__realloc             10030048     MSVCRT:MSVCR100.dll
 0002:0000004c       __imp___except_handler4_common 1003004c     MSVCRT:MSVCR100.dll
 0002:00000050       __imp___onexit             10030050     MSVCRT:MSVCR100.dll
 0002:00000054       __imp___lock               10030054     MSVCRT:MSVCR100.dll
 0002:00000058       __imp____dllonexit         10030058     MSVCRT:MSVCR100.dll
 0002:0000005c       __imp___unlock             1003005c     MSVCRT:MSVCR100.dll
 0002:00000060       __imp____clean_type_info_names_internal 10030060     MSVCRT:MSVCR100.dll
 0002:00000064       __imp___crt_debugger_hook  10030064     MSVCRT:MSVCR100.dll
 0002:00000068       __imp____CppXcptFilter     10030068     MSVCRT:MSVCR100.dll
 0002:0000006c       __imp___amsg_exit          1003006c     MSVCRT:MSVCR100.dll
 0002:00000070       __imp___initterm_e         10030070     MSVCRT:MSVCR100.dll
 0002:00000074       __imp___initterm           10030074     MSVCRT:MSVCR100.dll
 0002:00000078       __imp___encoded_null       10030078     MSVCRT:MSVCR100.dll
 0002:0000007c       __imp___malloc_crt         1003007c     MSVCRT:MSVCR100.dll
 0002:00000080       __imp__ldexp               10030080     MSVCRT:MSVCR100.dll
 0002:00000084       __imp__strlen              10030084     MSVCRT:MSVCR100.dll
 0002:00000088       __imp__calloc              10030088     MSVCRT:MSVCR100.dll
 0002:0000008c       __imp___setjmp3            1003008c     MSVCRT:MSVCR100.dll
 0002:00000090       __imp__strrchr             10030090     MSVCRT:MSVCR100.dll
 0002:00000094       __imp__ceil                10030094     MSVCRT:MSVCR100.dll
 0002:00000098       __imp__strncmp             10030098     MSVCRT:MSVCR100.dll
 0002:0000009c       __imp__longjmp             1003009c     MSVCRT:MSVCR100.dll
 0002:000000a0       __imp__strncpy             100300a0     MSVCRT:MSVCR100.dll
 0002:000000a4       __imp__memcpy              100300a4     MSVCRT:MSVCR100.dll
 0002:000000a8       __imp__strcat              100300a8     MSVCRT:MSVCR100.dll
 0002:000000ac       __imp__sprintf             100300ac     MSVCRT:MSVCR100.dll
 0002:000000b0       __imp__strcmp              100300b0     MSVCRT:MSVCR100.dll
 0002:000000b4       __imp__free                100300b4     MSVCRT:MSVCR100.dll
 0002:000000b8       __imp__malloc              100300b8     MSVCRT:MSVCR100.dll
 0002:000000bc       __imp__memset              100300bc     MSVCRT:MSVCR100.dll
 0002:000000c0       \177MSVCR100_NULL_THUNK_DATA 100300c0     MSVCRT:MSVCR100.dll
 0002:000000c4       __imp__emlrtIsEnumR2009a   100300c4     libemlrt:libemlrt.dll
 0002:000000c8       __imp__emlrtCheckVsBuiltInR2012b 100300c8     libemlrt:libemlrt.dll
 0002:000000cc       __imp__emlrtGetEnumUnderlyingArrayR2009a 100300cc     libemlrt:libemlrt.dll
 0002:000000d0       __imp__emlrtTranslateUTF16MessagetoLCPstring 100300d0     libemlrt:libemlrt.dll
 0002:000000d4       __imp__emlrtForLoopVectorIsValidR2011b 100300d4     libemlrt:libemlrt.dll
 0002:000000d8       __imp__emlrtTranslateMessageIDtoLCPstring 100300d8     libemlrt:libemlrt.dll
 0002:000000dc       __imp__emlrtExtractMessageId 100300dc     libemlrt:libemlrt.dll
 0002:000000e0       __imp__emlrtCheckBuiltInR2012b 100300e0     libemlrt:libemlrt.dll
 0002:000000e4       __imp__emlrtDestroyRootTLS 100300e4     libemlrt:libemlrt.dll
 0002:000000e8       __imp__emlrtCreateRootTLS  100300e8     libemlrt:libemlrt.dll
 0002:000000ec       __imp__emlrtCheckEnumR2012b 100300ec     libemlrt:libemlrt.dll
 0002:000000f0       __imp__emlrtCreateEnumR2012b 100300f0     libemlrt:libemlrt.dll
 0002:000000f4       __imp__emlrtGetEnumElementR2009a 100300f4     libemlrt:libemlrt.dll
 0002:000000f8       __imp__emlrtCreateReference 100300f8     libemlrt:libemlrt.dll
 0002:000000fc       __imp__emlrtImportVsFiArrayR2009b 100300fc     libemlrt:libemlrt.dll
 0002:00000100       __imp__emlrtNameCapturePostProcessR2012a 10030100     libemlrt:libemlrt.dll
 0002:00000104       \177libemlrt_NULL_THUNK_DATA 10030104     libemlrt:libemlrt.dll
 0002:00000108       __imp__ssRegisterDataTypeFxpFSlopeFixExpBias 10030108     libfixedpoint:libfixedpoint.dll
 0002:0000010c       \177libfixedpoint_NULL_THUNK_DATA 1003010c     libfixedpoint:libfixedpoint.dll
 0002:00000110       __imp__mexFunctionName     10030110     libmex:libmex.dll
 0002:00000114       __imp__mexMakeMemoryPersistent 10030114     libmex:libmex.dll
 0002:00000118       __imp__mexGetVariable      10030118     libmex:libmex.dll
 0002:0000011c       __imp__mexPutVariable      1003011c     libmex:libmex.dll
 0002:00000120       __imp__mexSetTrapFlag      10030120     libmex:libmex.dll
 0002:00000124       __imp__mexMakeArrayPersistent 10030124     libmex:libmex.dll
 0002:00000128       __imp__mexErrMsgTxt        10030128     libmex:libmex.dll
 0002:0000012c       __imp__mexCallMATLAB       1003012c     libmex:libmex.dll
 0002:00000130       __imp__mexUnlock           10030130     libmex:libmex.dll
 0002:00000134       __imp__mexIsLocked         10030134     libmex:libmex.dll
 0002:00000138       __imp__mexWarnMsgTxt       10030138     libmex:libmex.dll
 0002:0000013c       __imp__mexLock             1003013c     libmex:libmex.dll
 0002:00000140       \177libmex_NULL_THUNK_DATA 10030140     libmex:libmex.dll
 0002:00000144       __imp__muDoubleScalarCos   10030144     libmwmathutil:libmwmathutil.dll
 0002:00000148       __imp__muDoubleScalarSin   10030148     libmwmathutil:libmwmathutil.dll
 0002:0000014c       __imp__muDoubleScalarPower 1003014c     libmwmathutil:libmwmathutil.dll
 0002:00000150       \177libmwmathutil_NULL_THUNK_DATA 10030150     libmwmathutil:libmwmathutil.dll
 0002:00000154       __imp__mxGetN              10030154     libmx:libmx.dll
 0002:00000158       __imp__mxGetM              10030158     libmx:libmx.dll
 0002:0000015c       __imp__mxCalloc            1003015c     libmx:libmx.dll
 0002:00000160       __imp__mxGetPr             10030160     libmx:libmx.dll
 0002:00000164       __imp__mxGetScalar         10030164     libmx:libmx.dll
 0002:00000168       __imp__mxIsLogical         10030168     libmx:libmx.dll
 0002:0000016c       __imp__mxCreateLogicalScalar 1003016c     libmx:libmx.dll
 0002:00000170       __imp__mxIsLogicalScalarTrue 10030170     libmx:libmx.dll
 0002:00000174       __imp__mxGetString_700     10030174     libmx:libmx.dll
 0002:00000178       __imp__mxCreateStringFromNChars_700 10030178     libmx:libmx.dll
 0002:0000017c       __imp__mxGetElementSize    1003017c     libmx:libmx.dll
 0002:00000180       __imp__mxCreateNumericArray_700 10030180     libmx:libmx.dll
 0002:00000184       __imp__mxGetNumberOfDimensions_700 10030184     libmx:libmx.dll
 0002:00000188       __imp__mxGetDimensions_700 10030188     libmx:libmx.dll
 0002:0000018c       __imp__mxCalcSingleSubscript_700 1003018c     libmx:libmx.dll
 0002:00000190       __imp__mxCreateStructArray_700 10030190     libmx:libmx.dll
 0002:00000194       __imp__mxCreateNumericMatrix_700 10030194     libmx:libmx.dll
 0002:00000198       __imp__mxArrayClassIDName  10030198     libmx:libmx.dll
 0002:0000019c       __imp__mxGetImagData       1003019c     libmx:libmx.dll
 0002:000001a0       __imp__mxGetData           100301a0     libmx:libmx.dll
 0002:000001a4       __imp__mxIsEmpty           100301a4     libmx:libmx.dll
 0002:000001a8       __imp__mxIsNaN             100301a8     libmx:libmx.dll
[...]
 0001:0000b7d0       _sfIsRowVector             1000c7d0 f   sfc_mexmsvc80:sfc_mex.obj
 0001:0000b900       _sf_ExtractMessageId       1000c900 f   sfc_mexmsvc80:sfc_mex.obj
 0001:0000bb40       _sf_mex_err                1000cb40 f   sfc_mexmsvc80:sfc_mex.obj
 0001:0000bbd0       _sf_error_dimension_out_of_bound 1000cbd0 f   sfc_mexmsvc80:sfc_mex.obj
 0001:0000bc70       _sf_mex_check_and_set_actual_dimensions 1000cc70 f   sfc_mexmsvc80:sfc_mex.obj
 0001:0000bdf0       _sf_mex_check_complex      1000cdf0 f   sfc_mexmsvc80:sfc_mex.obj
 0001:0000be60       _sf_mex_check_sparse       1000ce60 f   sfc_mexmsvc80:sfc_mex.obj
 0001:0000bea0       _sf_mex_check_numerictype  1000cea0 f   sfc_mexmsvc80:sfc_mex.obj
 0001:0000bf30       _sf_mex_check_fimath       1000cf30 f   sfc_mexmsvc80:sfc_mex.obj
 0001:0000c630       _size_mismatch_error       1000d630 f   sfc_mexmsvc80:sfc_mex.obj
 0001:0000ce80       _check_array_dimensions    1000de80 f   sfc_mexmsvc80:sfc_mex.obj
 0001:0000ced0       _check_input_mxarray       1000ded0 f   sfc_mexmsvc80:sfc_mex.obj
 0001:0000d570       _sf_numeric_value_to_double 1000e570 f   sfc_mexmsvc80:sfc_mex.obj
 0001:0000d5b0       _ml_generic_out_of_bounds_check 1000e5b0 f   sfc_mexmsvc80:sfc_mex.obj
 0001:0000d740       _ml_get_element_value_from_array 1000e740 f   sfc_mexmsvc80:sfc_mex.obj
 0001:0000dc10       __ml_generic_castability_check 1000ec10 f   sfc_mexmsvc80:sfc_mex.obj
 0001:0000e4a0       _ml_generic_castability_check 1000f4a0 f   sfc_mexmsvc80:sfc_mex.obj
 0001:0000e500       _ml_check_mx_array_for_single_castability 1000f500 f   sfc_mexmsvc80:sfc_mex.obj
 0001:0000e570       _ml_check_mx_array_for_logical_castability 1000f570 f   sfc_mexmsvc80:sfc_mex.obj
 0001:0000e5d0       _ml_check_mx_array_for_int8_castability 1000f5d0 f   sfc_mexmsvc80:sfc_mex.obj
 0001:0000e660       _ml_check_mx_array_for_uint8_castability 1000f660 f   sfc_mexmsvc80:sfc_mex.obj
 0001:0000e6d0       _ml_check_mx_array_for_int16_castability 1000f6d0 f   sfc_mexmsvc80:sfc_mex.obj
 0001:0000e740       _ml_check_mx_array_for_uint16_castability 1000f740 f   sfc_mexmsvc80:sfc_mex.obj
 0001:0000e7b0       _ml_check_mx_array_for_int32_castability 1000f7b0 f   sfc_mexmsvc80:sfc_mex.obj
 0001:0000e820       _ml_check_mx_array_for_uint32_castability 1000f820 f   sfc_mexmsvc80:sfc_mex.obj
 0001:0000e890       _ml_check_mx_array_for_castability 1000f890 f   sfc_mexmsvc80:sfc_mex.obj
 0001:0000ef10       _set_data_value            1000ff10 f   sfc_mexmsvc80:sfc_mex.obj
 0001:0000f3e0       _get_data_value            100103e0 f   sfc_mexmsvc80:sfc_mex.obj
 0001:0000f4e0       _get_next_element_address  100104e0 f   sfc_mexmsvc80:sfc_mex.obj
 0001:0000f580       _sf_normalize_index        10010580 f   sfc_mexmsvc80:sfc_mex.obj
 0001:0000f810       _ml_array_index_bound_check 10010810 f   sfc_mexmsvc80:sfc_mex.obj
 0001:000100e0       _mx_value                  100110e0 f   sfc_mexmsvc80:sfc_mex.obj
 0001:00010130       _sf_create_numeric_array   10011130 f   sfc_mexmsvc80:sfc_mex.obj
 0001:000101b0       _sf_mex_assign_to_mx_array 100111b0 f   sfc_mexmsvc80:sfc_mex.obj
 0001:00010410       _assign_from_mx_array      10011410 f   sfc_mexmsvc80:sfc_mex.obj
 0001:00010bd0       _sf_mex_import_v           10011bd0 f   sfc_mexmsvc80:sfc_mex.obj
 0001:00011080       _get_machine_and_chart_file_number 10012080 f   sfc_mexmsvc80:sfc_sf.obj
 0001:00011140       _get_sfun_block_specialization 10012140 f   sfc_mexmsvc80:sfc_sf.obj
 0001:000111c0       _call_sf_machine_global_method_dispatcher 100121c0 f   sfc_mexmsvc80:sfc_sf.obj
 0001:00011380       _mdl_zeroCrossings_processing 10012380 f   sfc_mexmsvc80:sfc_sf.obj
 0001:00011430       _mdl_derivatives_processing 10012430 f   sfc_mexmsvc80:sfc_sf.obj
 0001:000116b0       _mdl_outputs_continuous_legacy 100126b0 f   sfc_mexmsvc80:sfc_sf.obj
 0001:00011730       _mdl_outputs_processing    10012730 f   sfc_mexmsvc80:sfc_sf.obj
 0001:00011960       _mdl_enable_processing     10012960 f   sfc_mexmsvc80:sfc_sf.obj
 0001:00011a10       _mdl_disable_processing    10012a10 f   sfc_mexmsvc80:sfc_sf.obj
 0001:000124c0       _sf_call_output_fcn_enable_disable 100134c0 f   sfc_mexmsvc80:sfc_sf.obj
 0001:000126e0       _set_dwork_information_from_mx_array 100136e0 f   sfc_mexmsvc80:sfc_sf.obj
 0001:00012fc0       _ptr2mxStruct              10013fc0 f   sfc_mexmsvc80:sfc_sf.obj
 0001:000131d0       _SNPRINTF_WRAPPER          100141d0 f   sfc_debugmsvc80:sfcdebug.obj
 0001:000131f0       _sf_debug_chart_instance_initialized_quick 100141f0 f   sfc_debugmsvc80:sfcdebug.obj
 0001:00013200       _sf_debug_chart_instance_initialized 10014200 f   sfc_debugmsvc80:sfcdebug.obj
 0001:00013380       _sfrtAddSize               10014380 f   sfc_debugmsvc80:sfcdebug.obj
 0001:00013430       _sfrtGenSizeString         10014430 f   sfc_debugmsvc80:sfcdebug.obj
 0001:000138b0       _fill_single_message_info  100148b0 f   sfc_debugmsvc80:sfcdebug.obj
 0001:00013a10       _sf_debug_sim_status_listener 10014a10 f   sfc_debugmsvc80:sfcdebug.obj
 0001:00013e80       _sf_debug_form_mask_bits   10014e80 f   sfc_debugmsvc80:sfcdebug.obj
 0001:00013ec0       _sf_debug_form_sf_data_type_offsets 10014ec0 f   sfc_debugmsvc80:sfcdebug.obj
 0001:00013f50       _sf_debug_free_all         10014f50 f   sfc_debugmsvc80:sfcdebug.obj
 0001:000140f0       _sf_debug_append_debugger_context 100150f0 f   sfc_debugmsvc80:sfcdebug.obj
 0001:000142a0       _sf_debug_update_always_honor_breakpoints 100152a0 f   sfc_debugmsvc80:sfcdebug.obj
 0001:00014480       _local_strdup              10015480 f   sfc_debugmsvc80:sfcdebug.obj
 0001:000150e0       _sf_debug_em_terminate     100160e0 f   sfc_debugmsvc80:sfcdebug.obj
 0001:00015120       _sf_debug_push_eml_function 10016120 f   sfc_debugmsvc80:sfcdebug.obj
 0001:000151b0       _sf_debug_pop_eml_function 100161b0 f   sfc_debugmsvc80:sfcdebug.obj
 0001:00015a90       _sf_debug_get_machine_number_from_id_or_name 10016a90 f   sfc_debugmsvc80:sfcdebug.obj
 0001:00015bf0       _sf_debug_get_chart_number_from_id 10016bf0 f   sfc_debugmsvc80:sfcdebug.obj
 0001:000165e0       _sf_debug_transfer_control_to_debugger_GUI 100175e0 f   sfc_debugmsvc80:sfcdebug.obj
 0001:00017340       _sf_debug_scripts_rehash   10018340 f   sfc_debugmsvc80:sfcdebug.obj
 0001:000174f0       _sf_debug_get_script_line_count 100184f0 f   sfc_debugmsvc80:sfcdebug.obj
 0001:00017ae0       _cv_eml_state_cvId         10018ae0 f   sfc_debugmsvc80:sfcdebug.obj
 0001:00017b30       _cv_eml_trans_cvId         10018b30 f   sfc_debugmsvc80:sfcdebug.obj
 0001:000188f0       _sf_debug_data_array_bounds_error 100198f0 f   sfc_debugmsvc80:sfcdebug.obj
 0001:00018c00       _eml_debug_runtime_error_doclink 10019c00 f   sfc_debugmsvc80:sfcdebug.obj
 0001:00018d20       _sf_debug_runtime_error    10019d20 f   sfc_debugmsvc80:sfcdebug.obj
 0001:00018d70       _sf_debug_matlab_error     10019d70 f   sfc_debugmsvc80:sfcdebug.obj
 0001:000192e0       _sf_debug_data_value_error 1001a2e0 f   sfc_debugmsvc80:sfcdebug.obj
 0001:000198e0       _sf_debug_data_loss_error  1001a8e0 f   sfc_debugmsvc80:sfcdebug.obj
 0001:0001a410       _call_cv_range_check       1001b410 f   sfc_debugmsvc80:sfcdebug.obj
 0001:0001a980       _sf_debug_invoke_cycle_detection_code 1001b980 f   sfc_debugmsvc80:sfcdebug.obj
 0001:0001b2d0       _sf_reset_debug_info_struct 1001c2d0 f   sfc_debugmsvc80:sfcdebug.obj
 0001:0001b940       _cv_script_cvId            1001c940 f   sfc_debugmsvc80:sfcdebug.obj
 0001:0001c120       _sfc_api_chart_visible     1001d120 f   sfc_debugmsvc80:sfc_api.obj
 0001:0001c1d0       _sfc_api_active_instance   1001d1d0 f   sfc_debugmsvc80:sfc_api.obj
 0001:0001c270       _sfc_api_machine_load      1001d270 f   sfc_debugmsvc80:sfc_api.obj
 0001:0001c370       _sfc_api_debugger_alive    1001d370 f   sfc_debugmsvc80:sfc_api.obj
 0001:0001c380       _sfc_api_go                1001d380 f   sfc_debugmsvc80:sfc_api.obj
 0001:0001c390       _sfc_api_step_over         1001d390 f   sfc_debugmsvc80:sfc_api.obj
 0001:0001c3a0       _sfc_api_step_out          1001d3a0 f   sfc_debugmsvc80:sfc_api.obj
 0001:0001c3b0       _sfc_api_resume            1001d3b0 f   sfc_debugmsvc80:sfc_api.obj
 0001:0001c3c0       _sfc_api_break             1001d3c0 f   sfc_debugmsvc80:sfc_api.obj
 0001:0001c3d0       _sfc_api_stop_debugging    1001d3d0 f   sfc_debugmsvc80:sfc_api.obj
 0001:0001c420       _sfc_api_is_cycle_detected 1001d420 f   sfc_debugmsvc80:sfc_api.obj
 0001:0001c470       _sfc_api_is_array_bounds_detected 1001d470 f   sfc_debugmsvc80:sfc_api.obj
 0001:0001c4c0       _sfc_api_set_disable_all_breakpoints 1001d4c0 f   sfc_debugmsvc80:sfc_api.obj
 0001:0001c550       _sfc_api_disable_all_breakpoints_and_go 1001d550 f   sfc_debugmsvc80:sfc_api.obj
 0001:0001c560       _sfc_api_close             1001d560 f   sfc_debugmsvc80:sfc_api.obj
 0001:0001c570       _sfc_api_browse_data       1001d570 f   sfc_debugmsvc80:sfc_api.obj
 0001:0001c5f0       _sfc_api_watch_data        1001d5f0 f   sfc_debugmsvc80:sfc_api.obj
 0001:0001c6e0       _sfc_api_extract_message_post_receive_info 1001d6e0 f   sfc_debugmsvc80:sfc_api.obj
 0001:0001c700       _sfc_api_assign_data       1001d700 f   sfc_debugmsvc80:sfc_api.obj
 0001:0001c780       _sfc_api_whos              1001d780 f   sfc_debugmsvc80:sfc_api.obj
 0001:0001c810       _sfc_api_get_consistency_info 1001d810 f   sfc_debugmsvc80:sfc_api.obj
 0001:0001c830       _sfc_api_browse_trace      1001d830 f   sfc_debugmsvc80:sfc_api.obj
 0001:0001c850       _sfc_api_break_on_chart_entry 1001d850 f   sfc_debugmsvc80:sfc_api.obj
 0001:0001c890       _sfc_api_break_on_event_broadcast 1001d890 f   sfc_debugmsvc80:sfc_api.obj
 0001:0001c8d0       _sfc_api_break_on_state_entry 1001d8d0 f   sfc_debugmsvc80:sfc_api.obj
 0001:0001c910       _sfc_api_set_watch         1001d910 f   sfc_debugmsvc80:sfc_api.obj
 0001:0001c9f0       _sfc_api_set_breakpoints   1001d9f0 f   sfc_debugmsvc80:sfc_api.obj
 0001:0001cad0       _sfc_api_set_eml_breakpoints 1001dad0 f   sfc_debugmsvc80:sfc_api.obj
 0001:0001cb80       _sfc_api_set_script_breakpoints 1001db80 f   sfc_debugmsvc80:sfc_api.obj
 0001:0001cbe0       _sfc_api_add_script_breakpoints 1001dbe0 f   sfc_debugmsvc80:sfc_api.obj
 0001:0001cc40       _sfc_api_clear_script_breakpoints 1001dc40 f   sfc_debugmsvc80:sfc_api.obj
 0001:0001cca0       _sfc_api_query_script_breakpoints 1001dca0 f   sfc_debugmsvc80:sfc_api.obj
 0001:0001cd10       _sfc_api_get_script_id     1001dd10 f   sfc_debugmsvc80:sfc_api.obj
 0001:0001cdb0       _sfc_api_get_active_states 1001ddb0 f   sfc_debugmsvc80:sfc_api.obj
 0001:0001ce20       _sfc_api_break_between_times 1001de20 f   sfc_debugmsvc80:sfc_api.obj
 0001:0001ce80       _sfc_api_get_instance_handle 1001de80 f   sfc_debugmsvc80:sfc_api.obj
 0001:0001cf60       _sfc_api_set_animation     1001df60 f   sfc_debugmsvc80:sfc_api.obj
 0001:0001cfc0       _sfc_api_select_chart      1001dfc0 f   sfc_debugmsvc80:sfc_api.obj
 0001:0001d050       _sfc_api_select_charts     1001e050 f   sfc_debugmsvc80:sfc_api.obj
 0001:0001d080       _sfc_api_cycle_detection_check 1001e080 f   sfc_debugmsvc80:sfc_api.obj
 0001:0001d0e0       _sfc_api_data_range_check  1001e0e0 f   sfc_debugmsvc80:sfc_api.obj
 0001:0001d140       _sfc_api_transition_conflict_check 1001e140 f   sfc_debugmsvc80:sfc_api.obj
 0001:0001d1a0       _sfc_api_state_consistency_check 1001e1a0 f   sfc_debugmsvc80:sfc_api.obj
 0001:0001d200       _sfc_api_set_instance_cv_ids 1001e200 f   sfc_debugmsvc80:sfc_api.obj
 0001:0001d330       _sfc_api_set_script_cv_ids 1001e330 f   sfc_debugmsvc80:sfc_api.obj
 0001:0001d3f0       _sfc_api_get_current_machine_id 1001e3f0 f   sfc_debugmsvc80:sfc_api.obj
 0001:0001d420       _sfc_api_get_current_machine_number 1001e420 f   sfc_debugmsvc80:sfc_api.obj
 0001:0001d450       _sfc_api_get_current_chart_number 1001e450 f   sfc_debugmsvc80:sfc_api.obj
 0001:0001d480       _sfc_api_get_current_instance_number 1001e480 f   sfc_debugmsvc80:sfc_api.obj
 0001:0001d4b0       _sfc_api_get_current_instance_handle 1001e4b0 f   sfc_debugmsvc80:sfc_api.obj
 0001:0001d4d0       _sfc_api_get_current_is_minor_time_step 1001e4d0 f   sfc_debugmsvc80:sfc_api.obj
 0001:0001d500       _sfc_api_get_current_machine_name 1001e500 f   sfc_debugmsvc80:sfc_api.obj
 0001:0001d520       _sfc_api_get_current_chart_id 1001e520 f   sfc_debugmsvc80:sfc_api.obj
 0001:0001d550       _sfc_api_get_current_object_type 1001e550 f   sfc_debugmsvc80:sfc_api.obj
 0001:0001d580       _sfc_api_get_current_event_type 1001e580 f   sfc_debugmsvc80:sfc_api.obj
 0001:0001d5b0       _sfc_api_get_current_object_id 1001e5b0 f   sfc_debugmsvc80:sfc_api.obj
 0001:0001d5e0       _sfc_get_current_active_event_type 1001e5e0 f   sfc_debugmsvc80:sfc_api.obj
 0001:0001d610       _sfc_api_get_current_active_event_id 1001e610 f   sfc_debugmsvc80:sfc_api.obj
 0001:0001d640       _sfc_api_get_current_simulation_time 1001e640 f   sfc_debugmsvc80:sfc_api.obj
 0001:0001d660       _sfc_get_current_tag_type  1001e660 f   sfc_debugmsvc80:sfc_api.obj
 0001:0001d690       _sfc_get_current_coverage_percentage 1001e690 f   sfc_debugmsvc80:sfc_api.obj
 0001:0001d6b0       _sfc_get_current_statement_context 1001e6b0 f   sfc_debugmsvc80:sfc_api.obj
 0001:0001d6d0       _sfc_get_current_optional_integer 1001e6d0 f   sfc_debugmsvc80:sfc_api.obj
 0001:0001d700       _sfc_get_current_statement_info 1001e700 f   sfc_debugmsvc80:sfc_api.obj
 0001:0001d7a0       _sfc_api_get               1001e7a0 f   sfc_debugmsvc80:sfc_api.obj
 0001:0001e1e0       _sf_debug_sm_fill_state_activity_data 1001f1e0 f   sfc_debugmsvc80:sfdb_animation.obj
 0001:00020450       _void_ptr_stack_vector_free_total 10021450 f   sfc_debugmsvc80:sfdb_data_browse.obj
 0001:000204b0       _sf_debug_st_terminate_machine 100214b0 f   sfc_debugmsvc80:sfdb_data_browse.obj
 0001:000204e0       _sf_debug_st_terminate_instance 100214e0 f   sfc_debugmsvc80:sfdb_data_browse.obj
 0001:00020660       _push_on_to_void_ptr_stack 10021660 f   sfc_debugmsvc80:sfdb_data_browse.obj
 0001:00020790       _pop_from_void_ptr_stack   10021790 f   sfc_debugmsvc80:sfdb_data_browse.obj
 0001:00020890       _sf_debug_st_get_data_value 10021890 f   sfc_debugmsvc80:sfdb_data_browse.obj
 0001:00020d30       _mx_value                  10021d30 f   sfc_debugmsvc80:sfdb_data_browse.obj
 0001:00020d60       _sf_debug_st_fill_data_struct 10021d60 f   sfc_debugmsvc80:sfdb_data_browse.obj
 0001:00021030       _data_type_format_strings  10022030 f   sfc_debugmsvc80:sfdb_data_browse.obj
 0001:000210a0       _sf_debug_st_fill_data     100220a0 f   sfc_debugmsvc80:sfdb_data_browse.obj
 0001:00021a90       _sf_debug_hm_get_simulink_handle 10022a90 f   sfc_debugmsvc80:sfdb_handle_management.obj
 0001:00022420       _sf_debug_hm_initialize_globals 10023420 f   sfc_debugmsvc80:sfdb_handle_management.obj
 0001:00022510       _sf_debug_hm_get_machine_debug_flag 10023510 f   sfc_debugmsvc80:sfdb_handle_management.obj
 0001:00022660       _sf_debug_hm_get_machine_id 10023660 f   sfc_debugmsvc80:sfdb_handle_management.obj
 0001:00022770       _sf_debug_hm_get_chart_id  10023770 f   sfc_debugmsvc80:sfdb_handle_management.obj
 0001:000228e0       _sf_debug_hm_register_executing_SFunction 100238e0 f   sfc_debugmsvc80:sfdb_handle_management.obj
 0001:00022be0       _sf_debug_hm_form_object_boolean_properties 10023be0 f   sfc_debugmsvc80:sfdb_handle_management.obj
 0001:00022e50       _sf_debug_hm_form_object_properties 10023e50 f   sfc_debugmsvc80:sfdb_handle_management.obj
 0001:00023050       _sf_debug_hm_terminate_charts 10024050 f   sfc_debugmsvc80:sfdb_handle_management.obj
 0001:00023650       _sf_debug_hm_terminate_machines 10024650 f   sfc_debugmsvc80:sfdb_handle_management.obj
 0001:00024e20       _sf_debug_ss_copy_dimension 10025e20 f   sfc_debugmsvc80:sfdb_symbol_scope.obj
 0001:00024e90       _sf_debug_ss_get_number_elements 10025e90 f   sfc_debugmsvc80:sfdb_symbol_scope.obj
 0001:00024eb0       _sf_debug_ss_fill_data_struct 10025eb0 f   sfc_debugmsvc80:sfdb_symbol_scope.obj
 0001:000250a0       _sf_debug_ss_reset_data_info 100260a0 f   sfc_debugmsvc80:sfdb_symbol_scope.obj
 0001:000250f0       _sf_debug_fill_data_info_by_symbol_scope_entry 100260f0 f   sfc_debugmsvc80:sfdb_symbol_scope.obj
 0001:000251a0       _sf_debug_fill_data_info_by_data_vector 100261a0 f   sfc_debugmsvc80:sfdb_symbol_scope.obj
 0001:00025360       _get_data_info_helper      10026360 f   sfc_debugmsvc80:sfdb_symbol_scope.obj
 0001:000253e0       _sf_debug_ss_get_data_info 100263e0 f   sfc_debugmsvc80:sfdb_symbol_scope.obj
 0001:00025590       _sf_debug_select_mex_function 10026590 f   sfc_debugmsvc80:sfdb_symbol_scope.obj
 0001:000255c0       _sf_debug_is_dyn_matrix_initialized 100265c0 f   sfc_debugmsvc80:sfdb_symbol_scope.obj
 0001:000255e0       _sf_debug_ss_set_data_value_try 100265e0 f   sfc_debugmsvc80:sfdb_symbol_scope.obj
 0001:00025710       _sf_debug_ss_get_data_value 10026710 f   sfc_debugmsvc80:sfdb_symbol_scope.obj
 0001:00025c40       _sf_debug_ss_data_bytes_string 10026c40 f   sfc_debugmsvc80:sfdb_symbol_scope.obj
 0001:00025cb0       _sf_debug_ss_data_class_string 10026cb0 f   sfc_debugmsvc80:sfdb_symbol_scope.obj
 0001:00026000       _sf_debug_ss_data_size_string 10027000 f   sfc_debugmsvc80:sfdb_symbol_scope.obj
 0001:000260c0       _sf_debug_ss_data_create_data_info_struct 100270c0 f   sfc_debugmsvc80:sfdb_symbol_scope.obj
 0001:00026320       _sf_debug_ss_data_create_name_value_pair 10027320 f   sfc_debugmsvc80:sfdb_symbol_scope.obj
 0001:00026380       _sf_debug_ss_data_get_whos_info 10027380 f   sfc_debugmsvc80:sfdb_symbol_scope.obj
 0001:000263b0       _same_named_data_in_data_array 100273b0 f   sfc_debugmsvc80:sfdb_symbol_scope.obj
 0001:00027910       _sf_debug_cc_terminate_chart 10028910 f   sfc_debugmsvc80:sfdb_coverage.obj
 0001:00027bf0       _sf_debug_cc_terminate_instance 10028bf0 f   sfc_debugmsvc80:sfdb_coverage.obj
 0001:00028640       _sf_debug_cc_mark_object_if_needed 10029640 f   sfc_debugmsvc80:sfdb_coverage.obj
 0001:00028dc0       _sf_debug_bm_initialize_eml 10029dc0 f   sfc_debugmsvc80:sfdb_breakpoints.obj
 0001:00029da0       _sf_debug_bm_map_debug_tag_to_breakpoint_tag 1002ada0 f   sfc_debugmsvc80:sfdb_breakpoints.obj
 0001:00029e40       _sf_debug_bm_is_a_eml_breakpoint_impl 1002ae40 f   sfc_debugmsvc80:sfdb_breakpoints.obj
 0001:0002b4b0       _sf_debug_sc_push_on_error_stack 1002c4b0 f   sfc_debugmsvc80:sfdb_state_consistency.obj
 0001:0002b5c0       _sf_debug_sc_reset_error_stack 1002c5c0 f   sfc_debugmsvc80:sfdb_state_consistency.obj
 0001:0002b710       _sf_debug_sc_is_state_inconsistent 1002c710 f   sfc_debugmsvc80:sfdb_state_consistency.obj
 0001:0002b930       _sf_debug_sc_fill_consistency_info 1002c930 f   sfc_debugmsvc80:sfdb_state_consistency.obj
 0001:0002bdb0       _void_assertion_fcn        1002cdb0 f   sfc_debugmsvc80:sfdb_call_stack.obj
 0001:0002c2a0       _sf_debug_tm_fill_local_trace 1002d2a0 f   sfc_debugmsvc80:sfdb_call_stack.obj
 0001:0002c720       _sf_debug_cd_terminate_instance 1002d720 f   sfc_debugmsvc80:sfdb_cycle_detection.obj
 0001:0002c780       _sf_debug_cd_free_checksum_stack 1002d780 f   sfc_debugmsvc80:sfdb_cycle_detection.obj
 0001:0002c7b0       _sf_debug_cd_reset_pack_strings 1002d7b0 f   sfc_debugmsvc80:sfdb_cycle_detection.obj
 0001:0002ce00       _md5file_clear             1002de00 f   sfc_debugmsvc80:ckmd5.obj
 0001:0002ce30       _Encode                    1002de30 f   sfc_debugmsvc80:ckmd5.obj
 0001:0002ce70       _Decode                    1002de70 f   sfc_debugmsvc80:ckmd5.obj
 0001:0002cef0       _MD5Transform              1002def0 f   sfc_debugmsvc80:ckmd5.obj
 0001:0002d5b0       _md5file_addn              1002e5b0 f   sfc_debugmsvc80:ckmd5.obj
 0001:0002d660       _md5file_hash              1002e660 f   sfc_debugmsvc80:ckmd5.obj
 0001:0002db19       _pre_c_init                1002eb19 f   MSVCRT:crtdll.obj
 0001:0002dd71       ___DllMainCRTStartup       1002ed71 f   MSVCRT:crtdll.obj
